 ray

 Timestamp is 628bc114 (Tue May 24 02:15:00 2022)

 Preferred load address is 00400000

 Start         Length     Name                   Class
 0001:00000000 000001e0H .text$di                CODE
 0001:000001e0 000760e0H .text$mn                CODE
 0001:000762c0 000024c0H .text$x                 CODE
 0001:00078780 000000d9H .text$yd                CODE
 0002:00000000 000006bcH .idata$5                DATA
 0002:000006bc 00000008H .00cfg                  DATA
 0002:000006c4 00000004H .CRT$XCA                DATA
 0002:000006c8 00000004H .CRT$XCAA               DATA
 0002:000006cc 00000004H .CRT$XCL                DATA
 0002:000006d0 0000002cH .CRT$XCU                DATA
 0002:000006fc 00000004H .CRT$XCZ                DATA
 0002:00000700 00000004H .CRT$XIA                DATA
 0002:00000704 00000004H .CRT$XIAA               DATA
 0002:00000708 00000004H .CRT$XIAC               DATA
 0002:0000070c 00000004H .CRT$XIC                DATA
 0002:00000710 00000004H .CRT$XIZ                DATA
 0002:00000714 00000004H .CRT$XLA                DATA
 0002:00000718 00000004H .CRT$XLZ                DATA
 0002:0000071c 00000004H .CRT$XPA                DATA
 0002:00000720 00000004H .CRT$XPZ                DATA
 0002:00000724 00000004H .CRT$XTA                DATA
 0002:00000728 00000008H .CRT$XTZ                DATA
 0002:0000072c 00000000H .gfids$y                DATA
 0002:00000730 00007ed0H .rdata                  DATA
 0002:00008600 00000004H .rdata$CastGuardVftablesA DATA
 0002:00008604 00000004H .rdata$CastGuardVftablesC DATA
 0002:00008608 00000018H .rdata$T                DATA
 0002:00008620 000024fcH .rdata$r                DATA
 0002:0000ab1c 00000414H .rdata$zzzdbg           DATA
 0002:0000af30 00000004H .rtc$IAA                DATA
 0002:0000af34 00000004H .rtc$IZZ                DATA
 0002:0000af38 00000004H .rtc$TAA                DATA
 0002:0000af3c 00000004H .rtc$TZZ                DATA
 0002:0000af40 00000004H .tls                    DATA
 0002:0000af44 00000004H .tls$                   DATA
 0002:0000af48 00000008H .tls$ZZZ                DATA
 0002:0000af50 00002258H .xdata$x                DATA
 0002:0000d1a8 00000000H .edata                  DATA
 0002:0000d1a8 000001b8H .idata$2                DATA
 0002:0000d360 00000014H .idata$3                DATA
 0002:0000d374 000006bcH .idata$4                DATA
 0002:0000da30 00002482H .idata$6                DATA
 0003:00000000 00001eb8H .data                   DATA
 0003:00001eb8 000009a0H .data$r                 DATA
 0003:00002858 000004e0H .data$rs                DATA
 0003:00002d38 000055e8H .bss                    DATA
 0004:00000000 00000060H .rsrc$01                DATA
 0004:00000060 00000180H .rsrc$02                DATA

  Address         Publics by Value              Rva+Base       Lib:Object

 0000:00000000       ___x64_code_ranges_to_entry_points 00000000     <absolute>
 0000:00000000       ___arm64x_redirection_metadata 00000000     <absolute>
 0000:00000000       ___guard_eh_cont_count     00000000     <absolute>
 0000:00000000       ___dynamic_value_reloc_table 00000000     <absolute>
 0000:00000000       ___x64_code_ranges_to_entry_points_count 00000000     <absolute>
 0000:00000000       ___safe_se_handler_table   00000000     <absolute>
 0000:00000000       ___arm64x_extra_rfe_table  00000000     <absolute>
 0000:00000000       ___AbsoluteZero            00000000     <absolute>
 0000:00000000       ___safe_se_handler_count   00000000     <absolute>
 0000:00000000       ___hybrid_code_map_count   00000000     <absolute>
 0000:00000000       ___volatile_metadata       00000000     <absolute>
 0000:00000000       ___guard_fids_table        00000000     <absolute>
 0000:00000000       ___guard_longjmp_table     00000000     <absolute>
 0000:00000000       ___arm64x_extra_rfe_table_size 00000000     <absolute>
 0000:00000000       ___arm64x_native_entrypoint 00000000     <absolute>
 0000:00000000       ___guard_fids_count        00000000     <absolute>
 0000:00000000       ___arm64x_redirection_metadata_count 00000000     <absolute>
 0000:00000000       ___hybrid_auxiliary_iat_copy 00000000     <absolute>
 0000:00000000       ___guard_longjmp_count     00000000     <absolute>
 0000:00000000       ___guard_iat_table         00000000     <absolute>
 0000:00000000       ___guard_eh_cont_table     00000000     <absolute>
 0000:00000000       ___enclave_config          00000000     <absolute>
 0000:00000000       ___guard_iat_count         00000000     <absolute>
 0000:00000000       ___guard_check_icall_a64n_fptr 00000000     <absolute>
 0000:00000000       ___hybrid_code_map         00000000     <absolute>
 0000:00000000       ___hybrid_auxiliary_iat    00000000     <absolute>
 0000:0000002c       __tls_array                0000002c     <absolute>
 0000:00000100       ___guard_flags             00000100     <absolute>
 0000:00000000       ___ImageBase               00400000     <linker-defined>
 0001:000001e0       ?GetOption@@YAHHPAPADPAD0@Z 004011e0 f   getopt.obj
 0001:000002c0       ?getopt@@YAHHPAPADPAD@Z    004012c0 f   getopt.obj
 0001:000003b0       ??_H@YGXPAXIIP6EPAX0@Z@Z   004013b0 f i main.obj
 0001:000003e0       ?processArgs@@YA_NHPAPAD@Z 004013e0 f   main.obj
 0001:000004d0       ?usage@@YAXXZ              004014d0 f   main.obj
 0001:000004f0       ___local_stdio_printf_options 004014f0 f i main.obj
 0001:00000500       _fprintf                   00401500 f i main.obj
 0001:00000530       _main                      00401530 f   main.obj
 0001:00000820       ??$?6U?$char_traits@D@std@@@std@@YAAAV?$basic_ostream@DU?$char_traits@D@std@@@0@AAV10@PBD@Z 00401820 f i RayTracer.obj
 0001:00000a10       ??$_Allocate_manually_vector_aligned@U_Default_allocate_traits@std@@@std@@YAPAXI@Z 00401a10 f i RayTracer.obj
 0001:00000a50       ??$endl@DU?$char_traits@D@std@@@std@@YAAAV?$basic_ostream@DU?$char_traits@D@std@@@0@AAV10@@Z 00401a50 f i RayTracer.obj
 0001:00000a80       ??$generate_canonical@N$0PPPPPPPP@V?$mersenne_twister_engine@I$0CA@$0CHA@$0BIN@$0BP@$0JJAILANP@$0L@$0PPPPPPPP@$06$0JNCMFGIA@$0P@$0OPMGAAAA@$0BC@$0GMAHIJGF@@std@@@std@@YANAAV?$mersenne_twister_engine@I$0CA@$0CHA@$0BIN@$0BP@$0JJAILANP@$0L@$0PPPPPPPP@$06$0JNCMFGIA@$0P@$0OPMGAAAA@$0BC@$0GMAHIJGF@@0@@Z 00401a80 f i RayTracer.obj
 0001:00000cb0       ??$pow@NH$0A@@@YANNH@Z     00401cb0 f i RayTracer.obj
 0001:00000ce0       ??0RayTracer@@QAE@XZ       00401ce0 f   RayTracer.obj
 0001:00000d20       ??0TransformNode@@IAE@PAV0@ABVmat4f@@@Z 00401d20 f i RayTracer.obj
 0001:000011b0       ??0bad_alloc@std@@QAE@ABV01@@Z 004021b0 f i RayTracer.obj
 0001:000011f0       ??0bad_array_new_length@std@@QAE@ABV01@@Z 004021f0 f i RayTracer.obj
 0001:00001230       ??0bad_array_new_length@std@@QAE@XZ 00402230 f i RayTracer.obj
 0001:00001250       ??0exception@std@@QAE@ABV01@@Z 00402250 f i RayTracer.obj
 0001:00001280       ??0sentry@?$basic_ostream@DU?$char_traits@D@std@@@std@@QAE@AAV12@@Z 00402280 f i RayTracer.obj
 0001:00001320       ??0vec3f@@QAE@XZ           00402320 f i RayTracer.obj
 0001:00001330       ??0vec4f@@QAE@XZ           00402330 f i RayTracer.obj
 0001:00001340       ??1?$_Alloc_construct_ptr@V?$allocator@U?$_List_node@PAVGeometry@@PAX@std@@@std@@@std@@QAE@XZ 00402340 f i RayTracer.obj
 0001:00001360       ??1?$_Alloc_construct_ptr@V?$allocator@U?$_List_node@PAVTransformNode@@PAX@std@@@std@@@std@@QAE@XZ 00402360 f i RayTracer.obj
 0001:00001380       ??1?$basic_string@DU?$char_traits@D@std@@V?$allocator@D@2@@std@@QAE@XZ 00402380 f i RayTracer.obj
 0001:000013d0       ??1?$list@PAVTransformNode@@V?$allocator@PAVTransformNode@@@std@@@std@@QAE@XZ 004023d0 f i RayTracer.obj
 0001:00001410       ??1MaterialSceneObject@@UAE@XZ 00402410 f i RayTracer.obj
 0001:000014c0       ??1ParseError@@QAE@XZ      004024c0 f i RayTracer.obj
 0001:00001510       ??1RayTracer@@QAE@XZ       00402510 f   RayTracer.obj
 0001:00001530       ??1SceneElement@@UAE@XZ    00402530 f i RayTracer.obj
 0001:00001540       ??1_Sentry_base@?$basic_ostream@DU?$char_traits@D@std@@@std@@QAE@XZ 00402540 f i RayTracer.obj
 0001:00001590       ??1bad_array_new_length@std@@UAE@XZ 00402590 f i RayTracer.obj
 0001:000015b0       ??1exception@std@@UAE@XZ   004025b0 f i RayTracer.obj
 0001:000015d0       ??1isect@@QAE@XZ           004025d0 f i RayTracer.obj
 0001:00001670       ??1sentry@?$basic_ostream@DU?$char_traits@D@std@@@std@@QAE@XZ 00402670 f i RayTracer.obj
 0001:000016e0       ??D@YA?AVmat4f@@ABV0@0@Z   004026e0 f i RayTracer.obj
 0001:00001b70       ??_EGeometry@@UAEPAXI@Z    00402b70 f i RayTracer.obj
 0001:00001b70       ??_GGeometry@@UAEPAXI@Z    00402b70 f i RayTracer.obj
 0001:00001ba0       ??_EMaterialSceneObject@@UAEPAXI@Z 00402ba0 f i RayTracer.obj
 0001:00001ba0       ??_GMaterialSceneObject@@UAEPAXI@Z 00402ba0 f i RayTracer.obj
 0001:00001bd0       ??_GSceneElement@@UAEPAXI@Z 00402bd0 f i RayTracer.obj
 0001:00001bd0       ??_ESceneElement@@UAEPAXI@Z 00402bd0 f i RayTracer.obj
 0001:00001c00       ??_ESceneObject@@UAEPAXI@Z 00402c00 f i RayTracer.obj
 0001:00001c00       ??_GSceneObject@@UAEPAXI@Z 00402c00 f i RayTracer.obj
 0001:00001c30       ??_ESquare@@UAEPAXI@Z      00402c30 f i RayTracer.obj
 0001:00001c30       ??_GSquare@@UAEPAXI@Z      00402c30 f i RayTracer.obj
 0001:00001c60       ??_Ebad_alloc@std@@UAEPAXI@Z 00402c60 f i RayTracer.obj
 0001:00001c60       ??_Gbad_alloc@std@@UAEPAXI@Z 00402c60 f i RayTracer.obj
 0001:00001c90       ??_Gbad_array_new_length@std@@UAEPAXI@Z 00402c90 f i RayTracer.obj
 0001:00001c90       ??_Ebad_array_new_length@std@@UAEPAXI@Z 00402c90 f i RayTracer.obj
 0001:00001cc0       ??_Eexception@std@@UAEPAXI@Z 00402cc0 f i RayTracer.obj
 0001:00001cc0       ??_Gexception@std@@UAEPAXI@Z 00402cc0 f i RayTracer.obj
 0001:00001cf0       ?ComputeBoundingBox@Geometry@@UAEXXZ 00402cf0 f i RayTracer.obj
 0001:00002240       ?ComputeLocalBoundingBox@Geometry@@UAE?AVBoundingBox@@XZ 00403240 f i RayTracer.obj
 0001:00002280       ?ComputeLocalBoundingBox@Square@@UAE?AVBoundingBox@@XZ 00403280 f i RayTracer.obj
 0001:000022c0       ?_Throw_bad_array_new_length@std@@YAXXZ 004032c0 f i RayTracer.obj
 0001:000022e0       ?_Xlen_string@std@@YAXXZ   004032e0 f i RayTracer.obj
 0001:000022f0       ?adapSampling@RayTracer@@QAE?AVvec3f@@NNNNH@Z 004032f0 f   RayTracer.obj
 0001:000029b0       ?allocate@?$allocator@D@std@@QAEPADI@Z 004039b0 f i RayTracer.obj
 0001:00002a10       ?aspectRatio@RayTracer@@QAENXZ 00403a10 f   RayTracer.obj
 0001:00002a50       ?assign@?$basic_string@DU?$char_traits@D@std@@V?$allocator@D@2@@std@@QAEAAV12@QBDI@Z 00403a50 f i RayTracer.obj
 0001:00002b40       ?bgDeleteScene@RayTracer@@QAEXXZ 00403b40 f   RayTracer.obj
 0001:00002b60       ?bgInitScene@RayTracer@@QAEXXZ 00403b60 f   RayTracer.obj
 0001:00002b80       ?createChild@TransformNode@@QAEPAV1@ABVmat4f@@@Z 00403b80 f i RayTracer.obj
 0001:00002c50       ?getBuffer@RayTracer@@QAEXAAPAEAAH1@Z 00403c50 f   RayTracer.obj
 0001:00002c70       ?getMaterial@MaterialSceneObject@@UBEABVMaterial@@XZ 00403c70 f i RayTracer.obj
 0001:00002c80       ?getUV@MaterialSceneObject@@UBE?AVvec3f@@ABVray@@@Z 00403c80 f i RayTracer.obj
 0001:00002ca0       ?hasBoundingBoxCapability@Square@@UBE_NXZ 00403ca0 f i RayTracer.obj
 0001:00002cb0       ?loadBackground@RayTracer@@QAE_NPAEHH@Z 00403cb0 f   RayTracer.obj
 0001:00002dd0       ?loadScene@RayTracer@@QAE_NPAD@Z 00403dd0 f   RayTracer.obj
 0001:00002f50       ?sceneLoaded@RayTracer@@QAE_NXZ 00403f50 f   RayTracer.obj
 0001:00002f60       ?setBgObj@RayTracer@@QAEXXZ 00403f60 f   RayTracer.obj
 0001:00003360       ?setMaterial@MaterialSceneObject@@UAEXPAVMaterial@@@Z 00404360 f i RayTracer.obj
 0001:00003370       ?trace@RayTracer@@QAE?AVvec3f@@PAVScene@@NN@Z 00404370 f   RayTracer.obj
 0001:00003450       ?traceLines@RayTracer@@QAEXHH@Z 00404450 f   RayTracer.obj
 0001:000037e0       ?tracePixel@RayTracer@@QAEXHH@Z 004047e0 f   RayTracer.obj
 0001:00003b20       ?traceRay@RayTracer@@QAE?AVvec3f@@PAVScene@@ABVray@@ABV2@H@Z 00404b20 f   RayTracer.obj
 0001:00004530       ?traceSetup@RayTracer@@QAEXHH@Z 00405530 f   RayTracer.obj
 0001:00004590       ?what@exception@std@@UBEPBDXZ 00405590 f i RayTracer.obj
 0001:000045a0       ??0TraceGLWindow@@QAE@HHHHPBD@Z 004055a0 f   TraceGLWindow.obj
 0001:00004620       ??_EFl_Gl_Window@@UAEPAXI@Z 00405620 f i TraceGLWindow.obj
 0001:00004620       ??_GFl_Gl_Window@@UAEPAXI@Z 00405620 f i TraceGLWindow.obj
 0001:00004650       ??_GTraceGLWindow@@UAEPAXI@Z 00405650 f i TraceGLWindow.obj
 0001:00004650       ??_ETraceGLWindow@@UAEPAXI@Z 00405650 f i TraceGLWindow.obj
 0001:00004680       ?as_gl_window@Fl_Gl_Window@@UAEPAV1@XZ 00405680 f i TraceGLWindow.obj
 0001:00004690       ?as_group@Fl_Group@@UAEPAV1@XZ 00405690 f i TraceGLWindow.obj
 0001:000046a0       ?as_window@Fl_Window@@UAEPAV1@XZ 004056a0 f i TraceGLWindow.obj
 0001:000046b0       ?draw@TraceGLWindow@@UAEXXZ 004056b0 f   TraceGLWindow.obj
 0001:00004790       ?handle@TraceGLWindow@@UAEHH@Z 00405790 f   TraceGLWindow.obj
 0001:000047a0       ?refresh@TraceGLWindow@@QAEXXZ 004057a0 f   TraceGLWindow.obj
 0001:000047b0       ?resizeWindow@TraceGLWindow@@QAEXHH@Z 004057b0 f   TraceGLWindow.obj
 0001:000047e0       ?saveImage@TraceGLWindow@@QAEXPAD@Z 004057e0 f   TraceGLWindow.obj
 0001:00004830       ?setRayTracer@TraceGLWindow@@QAEXPAVRayTracer@@@Z 00405830 f   TraceGLWindow.obj
 0001:00004840       ?cb_load_scene@TraceUI@@CAXPAVFl_Widget@@PAX@Z 00405840 f   TraceUI.obj
 0001:000048f0       ?cb_load_backgroundscene@TraceUI@@CAXPAVFl_Widget@@PAX@Z 004058f0 f   TraceUI.obj
 0001:00004990       ?cb_save_image@TraceUI@@CAXPAVFl_Menu_@@PAX@Z 00405990 f   TraceUI.obj
 0001:000049d0       ?cb_exit@TraceUI@@CAXPAVFl_Menu_@@PAX@Z 004059d0 f   TraceUI.obj
 0001:00004a00       ?cb_about@TraceUI@@CAXPAVFl_Menu_@@PAX@Z 00405a00 f   TraceUI.obj
 0001:00004a10       ??0TraceUI@@QAE@XZ         00405a10 f   TraceUI.obj
 0001:00005030       ?IsAdapSampling@TraceUI@@QAE_NXZ 00406030 f   TraceUI.obj
 0001:00005040       ?IsSampling@TraceUI@@QAE_NXZ 00406040 f   TraceUI.obj
 0001:00005050       ?cb_adapSampling@TraceUI@@CAXPAVFl_Widget@@PAX@Z 00406050 f   TraceUI.obj
 0001:00005080       ?cb_background@TraceUI@@CAXPAVFl_Widget@@PAX@Z 00406080 f   TraceUI.obj
 0001:000050c0       ?cb_depthSlides@TraceUI@@CAXPAVFl_Widget@@PAX@Z 004060c0 f   TraceUI.obj
 0001:000050e0       ?cb_exit2@TraceUI@@CAXPAVFl_Widget@@PAX@Z 004060e0 f   TraceUI.obj
 0001:00005110       ?cb_glossyReflection@TraceUI@@CAXPAVFl_Widget@@PAX@Z 00406110 f   TraceUI.obj
 0001:00005130       ?cb_render@TraceUI@@CAXPAVFl_Widget@@PAX@Z 00406130 f   TraceUI.obj
 0001:00005340       ?cb_sampling@TraceUI@@CAXPAVFl_Widget@@PAX@Z 00406340 f   TraceUI.obj
 0001:00005370       ?cb_samplingSlides@TraceUI@@CAXPAVFl_Widget@@PAX@Z 00406370 f   TraceUI.obj
 0001:00005390       ?cb_sizeSlides@TraceUI@@CAXPAVFl_Widget@@PAX@Z 00406390 f   TraceUI.obj
 0001:000053e0       ?cb_stop@TraceUI@@CAXPAVFl_Widget@@PAX@Z 004063e0 f   TraceUI.obj
 0001:000053f0       ?cb_thresholdSlides@TraceUI@@CAXPAVFl_Widget@@PAX@Z 004063f0 f   TraceUI.obj
 0001:00005410       ?getBackgroundImage@TraceUI@@QAEPAEXZ 00406410 f   TraceUI.obj
 0001:00005420       ?getDepth@TraceUI@@QAEHXZ  00406420 f   TraceUI.obj
 0001:00005430       ?getHeight@TraceUI@@QAEHXZ 00406430 f   TraceUI.obj
 0001:00005440       ?getNumSampling@TraceUI@@QAEHXZ 00406440 f   TraceUI.obj
 0001:00005450       ?getSize@TraceUI@@QAEHXZ   00406450 f   TraceUI.obj
 0001:00005460       ?getThreshold@TraceUI@@QAENXZ 00406460 f   TraceUI.obj
 0001:00005470       ?getWidth@TraceUI@@QAEHXZ  00406470 f   TraceUI.obj
 0001:00005480       ?glossy@TraceUI@@QAE_NXZ   00406480 f   TraceUI.obj
 0001:00005490       ?isBackground@TraceUI@@QAE_NXZ 00406490 f   TraceUI.obj
 0001:000054a0       ?setRayTracer@TraceUI@@QAEXPAVRayTracer@@@Z 004064a0 f   TraceUI.obj
 0001:000054c0       ?show@TraceUI@@QAEXXZ      004064c0 f   TraceUI.obj
 0001:000054d0       ?whoami@TraceUI@@CAPAV1@PAVFl_Menu_@@@Z 004064d0 f   TraceUI.obj
 0001:000054e0       _sprintf                   004064e0 f i TraceUI.obj
 0001:00005520       ?readBMP@@YAPAEPADAAH1@Z   00406520 f   bitmap.obj
 0001:000056b0       ?writeBMP@@YAXPADHHPAE@Z   004066b0 f   bitmap.obj
 0001:00005840       ??$?6DU?$char_traits@D@std@@V?$allocator@D@1@@std@@YAAAV?$basic_ostream@DU?$char_traits@D@std@@@0@AAV10@ABV?$basic_string@DU?$char_traits@D@std@@V?$allocator@D@2@@0@@Z 00406840 f i parse.obj
 0001:00005870       ??$?6U?$char_traits@D@std@@@std@@YAAAV?$basic_ostream@DU?$char_traits@D@std@@@0@AAV10@D@Z 00406870 f i parse.obj
 0001:00005a40       ??$?8DU?$char_traits@D@std@@V?$allocator@D@1@@std@@YA_NABV?$basic_string@DU?$char_traits@D@std@@V?$allocator@D@2@@0@QBD@Z 00406a40 f i parse.obj
 0001:00005ad0       ??$?MDU?$char_traits@D@std@@V?$allocator@D@1@@std@@YA_NABV?$basic_string@DU?$char_traits@D@std@@V?$allocator@D@2@@0@0@Z 00406ad0 f i parse.obj
 0001:00005b10       ??$_Copy_memmove@PAPAVObj@@PAPAV1@@std@@YAPAPAVObj@@PAPAV1@00@Z 00406b10 f i parse.obj
 0001:00005b40       ??$_Copy_nodes@U_Copy_tag@?$_Tree@V?$_Tmap_traits@V?$basic_string@DU?$char_traits@D@std@@V?$allocator@D@2@@std@@PAVObj@@U?$less@V?$basic_string@DU?$char_traits@D@std@@V?$allocator@D@2@@std@@@2@V?$allocator@U?$pair@$$CBV?$basic_string@DU?$char_traits@D@std@@V?$allocator@D@2@@std@@PAVObj@@@std@@@2@$0A@@std@@@std@@@?$_Tree@V?$_Tmap_traits@V?$basic_string@DU?$char_traits@D@std@@V?$allocator@D@2@@std@@PAVObj@@U?$less@V?$basic_string@DU?$char_traits@D@std@@V?$allocator@D@2@@std@@@2@V?$allocator@U?$pair@$$CBV?$basic_string@DU?$char_traits@D@std@@V?$allocator@D@2@@std@@PAVObj@@@std@@@2@$0A@@std@@@std@@IAEPAU?$_Tree_node@U?$pair@$$CBV?$basic_string@DU?$char_traits@D@std@@V?$allocator@D@2@@std@@PAVObj@@@std@@PAX@1@PAU21@0U_Copy_tag@01@@Z 00406b40 f i parse.obj
 0001:00005c40       ??$_Emplace_reallocate@PAVObj@@@?$vector@PAVObj@@V?$allocator@PAVObj@@@std@@@std@@QAEPAPAVObj@@QAPAV2@$$QAPAV2@@Z 00406c40 f i parse.obj
 0001:00005d50       ??$_Erase_tree@V?$allocator@U?$_Tree_node@U?$pair@$$CBV?$basic_string@DU?$char_traits@D@std@@V?$allocator@D@2@@std@@PAVObj@@@std@@PAX@std@@@std@@@?$_Tree_val@U?$_Tree_simple_types@U?$pair@$$CBV?$basic_string@DU?$char_traits@D@std@@V?$allocator@D@2@@std@@PAVObj@@@std@@@std@@@std@@QAEXAAV?$allocator@U?$_Tree_node@U?$pair@$$CBV?$basic_string@DU?$char_traits@D@std@@V?$allocator@D@2@@std@@PAVObj@@@std@@PAX@std@@@1@PAU?$_Tree_node@U?$pair@$$CBV?$basic_string@DU?$char_traits@D@std@@V?$allocator@D@2@@std@@PAVObj@@@std@@PAX@1@@Z 00406d50 f i parse.obj
 0001:00005de0       ??$_Erase_tree_and_orphan@V?$allocator@U?$_Tree_node@U?$pair@$$CBV?$basic_string@DU?$char_traits@D@std@@V?$allocator@D@2@@std@@PAVObj@@@std@@PAX@std@@@std@@@?$_Tree_val@U?$_Tree_simple_types@U?$pair@$$CBV?$basic_string@DU?$char_traits@D@std@@V?$allocator@D@2@@std@@PAVObj@@@std@@@std@@@std@@QAEXAAV?$allocator@U?$_Tree_node@U?$pair@$$CBV?$basic_string@DU?$char_traits@D@std@@V?$allocator@D@2@@std@@PAVObj@@@std@@PAX@std@@@1@PAU?$_Tree_node@U?$pair@$$CBV?$basic_string@DU?$char_traits@D@std@@V?$allocator@D@2@@std@@PAVObj@@@std@@PAX@1@@Z 00406de0 f i parse.obj
 0001:00005e70       ??$_Insert_string@DU?$char_traits@D@std@@I@std@@YAAAV?$basic_ostream@DU?$char_traits@D@std@@@0@AAV10@QBDI@Z 00406e70 f i parse.obj
 0001:00006020       ??$_Traits_compare@U?$char_traits@D@std@@@std@@YAHQBDI0I@Z 00407020 f i parse.obj
 0001:000060b0       ??0?$basic_string@DU?$char_traits@D@std@@V?$allocator@D@2@@std@@QAE@ABV01@@Z 004070b0 f i parse.obj
 0001:00006140       ??0?$basic_string@DU?$char_traits@D@std@@V?$allocator@D@2@@std@@QAE@QBD@Z 00407140 f i parse.obj
 0001:00006180       ??0?$basic_string@DU?$char_traits@D@std@@V?$allocator@D@2@@std@@QAE@U_String_constructor_concat_tag@1@AAV01@1@Z 00407180 f i parse.obj
 0001:00006310       ??0Exception@@QAE@ABV0@@Z  00407310 f i parse.obj
 0001:00006330       ??0IdObj@@QAE@ABV?$basic_string@DU?$char_traits@D@std@@V?$allocator@D@2@@std@@@Z 00407330 f i parse.obj
 0001:00006390       ??0ObjTypeMismatch@@QAE@ABV0@@Z 00407390 f i parse.obj
 0001:000063b0       ??0ObjTypeMismatch@@QAE@V?$basic_string@DU?$char_traits@D@std@@V?$allocator@D@2@@std@@0@Z 004073b0 f i parse.obj
 0001:000067b0       ??0ParseError@@QAE@ABV0@@Z 004077b0 f i parse.obj
 0001:000067d0       ??0ParseError@@QAE@ABV?$basic_string@DU?$char_traits@D@std@@V?$allocator@D@2@@std@@@Z 004077d0 f i parse.obj
 0001:000067f0       ??1?$_Alloc_construct_ptr@V?$allocator@U?$_Tree_node@U?$pair@$$CBV?$basic_string@DU?$char_traits@D@std@@V?$allocator@D@2@@std@@PAVObj@@@std@@PAX@std@@@std@@@std@@QAE@XZ 004077f0 f i parse.obj
 0001:00006810       ??1?$_Tree_head_scoped_ptr@V?$allocator@U?$_Tree_node@U?$pair@$$CBV?$basic_string@DU?$char_traits@D@std@@V?$allocator@D@2@@std@@PAVObj@@@std@@PAX@std@@@std@@V?$_Tree_val@U?$_Tree_simple_types@U?$pair@$$CBV?$basic_string@DU?$char_traits@D@std@@V?$allocator@D@2@@std@@PAVObj@@@std@@@std@@@2@@std@@QAE@XZ 00407810 f i parse.obj
 0001:00006840       ??1?$_Tree_temp_node_alloc@V?$allocator@U?$_Tree_node@U?$pair@$$CBV?$basic_string@DU?$char_traits@D@std@@V?$allocator@D@2@@std@@PAVObj@@@std@@PAX@std@@@std@@@std@@QAE@XZ 00407840 f i parse.obj
 0001:00006860       ??1?$map@V?$basic_string@DU?$char_traits@D@std@@V?$allocator@D@2@@std@@PAVObj@@U?$less@V?$basic_string@DU?$char_traits@D@std@@V?$allocator@D@2@@std@@@2@V?$allocator@U?$pair@$$CBV?$basic_string@DU?$char_traits@D@std@@V?$allocator@D@2@@std@@PAVObj@@@std@@@2@@std@@QAE@XZ 00407860 f i parse.obj
 0001:00006880       ??1?$vector@PAVObj@@V?$allocator@PAVObj@@@std@@@std@@QAE@XZ 00407880 f i parse.obj
 0001:000068e0       ??1BooleanObj@@UAE@XZ      004078e0 f i parse.obj
 0001:000068f0       ??1DictObj@@UAE@XZ         004078f0 f i parse.obj
 0001:00006960       ??1IdObj@@UAE@XZ           00407960 f i parse.obj
 0001:000069c0       ??1NamedObj@@UAE@XZ        004079c0 f i parse.obj
 0001:00006a30       ??1Obj@@UAE@XZ             00407a30 f i parse.obj
 0001:00006a40       ??1ObjTypeMismatch@@QAE@XZ 00407a40 f i parse.obj
 0001:00006a90       ??1ScalarObj@@UAE@XZ       00407a90 f i parse.obj
 0001:00006aa0       ??1StringObj@@UAE@XZ       00407aa0 f i parse.obj
 0001:00006b00       ??1TupleObj@@UAE@XZ        00407b00 f i parse.obj
 0001:00006b80       ??E?$_Tree_const_iterator@V?$_Tree_val@U?$_Tree_simple_types@U?$pair@$$CBV?$basic_string@DU?$char_traits@D@std@@V?$allocator@D@2@@std@@PAVObj@@@std@@@std@@@std@@@std@@QAEAAV01@XZ 00407b80 f i parse.obj
 0001:00006be0       ??_GBooleanObj@@UAEPAXI@Z  00407be0 f i parse.obj
 0001:00006be0       ??_EBooleanObj@@UAEPAXI@Z  00407be0 f i parse.obj
 0001:00006c10       ??_GDictObj@@UAEPAXI@Z     00407c10 f i parse.obj
 0001:00006c10       ??_EDictObj@@UAEPAXI@Z     00407c10 f i parse.obj
 0001:00006c90       ??_EIdObj@@UAEPAXI@Z       00407c90 f i parse.obj
 0001:00006c90       ??_GIdObj@@UAEPAXI@Z       00407c90 f i parse.obj
 0001:00006d10       ??_ENamedObj@@UAEPAXI@Z    00407d10 f i parse.obj
 0001:00006d10       ??_GNamedObj@@UAEPAXI@Z    00407d10 f i parse.obj
 0001:00006d90       ??_GObj@@UAEPAXI@Z         00407d90 f i parse.obj
 0001:00006d90       ??_EObj@@UAEPAXI@Z         00407d90 f i parse.obj
 0001:00006dc0       ??_GScalarObj@@UAEPAXI@Z   00407dc0 f i parse.obj
 0001:00006dc0       ??_EScalarObj@@UAEPAXI@Z   00407dc0 f i parse.obj
 0001:00006df0       ??_GStringObj@@UAEPAXI@Z   00407df0 f i parse.obj
 0001:00006df0       ??_EStringObj@@UAEPAXI@Z   00407df0 f i parse.obj
 0001:00006e70       ??_ETupleObj@@UAEPAXI@Z    00407e70 f i parse.obj
 0001:00006e70       ??_GTupleObj@@UAEPAXI@Z    00407e70 f i parse.obj
 0001:00006f10       ?_Getal@?$_Tree@V?$_Tmap_traits@V?$basic_string@DU?$char_traits@D@std@@V?$allocator@D@2@@std@@PAVObj@@U?$less@V?$basic_string@DU?$char_traits@D@std@@V?$allocator@D@2@@std@@@2@V?$allocator@U?$pair@$$CBV?$basic_string@DU?$char_traits@D@std@@V?$allocator@D@2@@std@@PAVObj@@@std@@@2@$0A@@std@@@std@@IAEAAV?$allocator@U?$_Tree_node@U?$pair@$$CBV?$basic_string@DU?$char_traits@D@std@@V?$allocator@D@2@@std@@PAVObj@@@std@@PAX@std@@@2@XZ 00407f10 f i parse.obj
 0001:00006f20       ?_Insert_node@?$_Tree_val@U?$_Tree_simple_types@U?$pair@$$CBV?$basic_string@DU?$char_traits@D@std@@V?$allocator@D@2@@std@@PAVObj@@@std@@@std@@@std@@QAEPAU?$_Tree_node@U?$pair@$$CBV?$basic_string@DU?$char_traits@D@std@@V?$allocator@D@2@@std@@PAVObj@@@std@@PAX@2@U?$_Tree_id@PAU?$_Tree_node@U?$pair@$$CBV?$basic_string@DU?$char_traits@D@std@@V?$allocator@D@2@@std@@PAVObj@@@std@@PAX@std@@@2@QAU32@@Z 00407f20 f i parse.obj
 0001:00007130       ?_Throw_tree_length_error@std@@YAXXZ 00408130 f i parse.obj
 0001:00007140       ?_Xlength@?$vector@PAVObj@@V?$allocator@PAVObj@@@std@@@std@@CAXXZ 00408140 f i parse.obj
 0001:00007150       ?allocate@?$allocator@PAVObj@@@std@@QAEPAPAVObj@@I@Z 00408150 f i parse.obj
 0001:000071b0       ?append@?$basic_string@DU?$char_traits@D@std@@V?$allocator@D@2@@std@@QAEAAV12@QBDI@Z 004081b0 f i parse.obj
 0001:000074e0       ?getBoolean@BooleanObj@@UBE_NXZ 004084e0 f i parse.obj
 0001:000074f0       ?getBoolean@Obj@@UBE_NXZ   004084f0 f i parse.obj
 0001:00007560       ?getChild@NamedObj@@UBEPAVObj@@XZ 00408560 f i parse.obj
 0001:00007570       ?getChild@Obj@@UBEPAV1@XZ  00408570 f i parse.obj
 0001:000075e0       ?getDict@DictObj@@UBEABV?$map@V?$basic_string@DU?$char_traits@D@std@@V?$allocator@D@2@@std@@PAVObj@@U?$less@V?$basic_string@DU?$char_traits@D@std@@V?$allocator@D@2@@std@@@2@V?$allocator@U?$pair@$$CBV?$basic_string@DU?$char_traits@D@std@@V?$allocator@D@2@@std@@PAVObj@@@std@@@2@@std@@XZ 004085e0 f i parse.obj
 0001:000075f0       ?getDict@Obj@@UBEABV?$map@V?$basic_string@DU?$char_traits@D@std@@V?$allocator@D@2@@std@@PAVObj@@U?$less@V?$basic_string@DU?$char_traits@D@std@@V?$allocator@D@2@@std@@@2@V?$allocator@U?$pair@$$CBV?$basic_string@DU?$char_traits@D@std@@V?$allocator@D@2@@std@@PAVObj@@@std@@@2@@std@@XZ 004085f0 f i parse.obj
 0001:00007660       ?getID@IdObj@@UBE?AV?$basic_string@DU?$char_traits@D@std@@V?$allocator@D@2@@std@@XZ 00408660 f i parse.obj
 0001:00007680       ?getID@Obj@@UBE?AV?$basic_string@DU?$char_traits@D@std@@V?$allocator@D@2@@std@@XZ 00408680 f i parse.obj
 0001:000076f0       ?getName@NamedObj@@UBE?AV?$basic_string@DU?$char_traits@D@std@@V?$allocator@D@2@@std@@XZ 004086f0 f i parse.obj
 0001:00007710       ?getName@Obj@@UBE?AV?$basic_string@DU?$char_traits@D@std@@V?$allocator@D@2@@std@@XZ 00408710 f i parse.obj
 0001:00007780       ?getScalar@Obj@@UBENXZ     00408780 f i parse.obj
 0001:000077f0       ?getScalar@ScalarObj@@UBENXZ 004087f0 f i parse.obj
 0001:00007800       ?getString@Obj@@UBE?AV?$basic_string@DU?$char_traits@D@std@@V?$allocator@D@2@@std@@XZ 00408800 f i parse.obj
 0001:00007870       ?getString@StringObj@@UBE?AV?$basic_string@DU?$char_traits@D@std@@V?$allocator@D@2@@std@@XZ 00408870 f i parse.obj
 0001:00007890       ?getTuple@Obj@@UBEABV?$vector@PAVObj@@V?$allocator@PAVObj@@@std@@@std@@XZ 00408890 f i parse.obj
 0001:00007900       ?getTuple@TupleObj@@UBEABV?$vector@PAVObj@@V?$allocator@PAVObj@@@std@@@std@@XZ 00408900 f i parse.obj
 0001:00007910       ?getTypeName@BooleanObj@@UBE?AV?$basic_string@DU?$char_traits@D@std@@V?$allocator@D@2@@std@@XZ 00408910 f i parse.obj
 0001:00007950       ?getTypeName@DictObj@@UBE?AV?$basic_string@DU?$char_traits@D@std@@V?$allocator@D@2@@std@@XZ 00408950 f i parse.obj
 0001:00007990       ?getTypeName@IdObj@@UBE?AV?$basic_string@DU?$char_traits@D@std@@V?$allocator@D@2@@std@@XZ 00408990 f i parse.obj
 0001:000079d0       ?getTypeName@NamedObj@@UBE?AV?$basic_string@DU?$char_traits@D@std@@V?$allocator@D@2@@std@@XZ 004089d0 f i parse.obj
 0001:00007a10       ?getTypeName@Obj@@UBE?AV?$basic_string@DU?$char_traits@D@std@@V?$allocator@D@2@@std@@XZ 00408a10 f i parse.obj
 0001:00007a50       ?getTypeName@ScalarObj@@UBE?AV?$basic_string@DU?$char_traits@D@std@@V?$allocator@D@2@@std@@XZ 00408a50 f i parse.obj
 0001:00007a90       ?getTypeName@StringObj@@UBE?AV?$basic_string@DU?$char_traits@D@std@@V?$allocator@D@2@@std@@XZ 00408a90 f i parse.obj
 0001:00007ad0       ?getTypeName@TupleObj@@UBE?AV?$basic_string@DU?$char_traits@D@std@@V?$allocator@D@2@@std@@XZ 00408ad0 f i parse.obj
 0001:00007b10       ?printOn@BooleanObj@@UBEXAAV?$basic_ostream@DU?$char_traits@D@std@@@std@@@Z 00408b10 f i parse.obj
 0001:00007b40       ?printOn@DictObj@@UBEXAAV?$basic_ostream@DU?$char_traits@D@std@@@std@@@Z 00408b40 f i parse.obj
 0001:00007c20       ?printOn@IdObj@@UBEXAAV?$basic_ostream@DU?$char_traits@D@std@@@std@@@Z 00408c20 f i parse.obj
 0001:00007c50       ?printOn@NamedObj@@UBEXAAV?$basic_ostream@DU?$char_traits@D@std@@@std@@@Z 00408c50 f i parse.obj
 0001:00007c90       ?printOn@Obj@@UBEXAAV?$basic_ostream@DU?$char_traits@D@std@@@std@@@Z 00408c90 f i parse.obj
 0001:00007ca0       ?printOn@ScalarObj@@UBEXAAV?$basic_ostream@DU?$char_traits@D@std@@@std@@@Z 00408ca0 f i parse.obj
 0001:00007cc0       ?printOn@StringObj@@UBEXAAV?$basic_ostream@DU?$char_traits@D@std@@@std@@@Z 00408cc0 f i parse.obj
 0001:00007d00       ?printOn@TupleObj@@UBEXAAV?$basic_ostream@DU?$char_traits@D@std@@@std@@@Z 00408d00 f i parse.obj
 0001:00008210       ?readFile@@YAPAVObj@@AAV?$basic_istream@DU?$char_traits@D@std@@@std@@@Z 00409210 f   parse.obj
 0001:00008ee0       ??$?HDU?$char_traits@D@std@@V?$allocator@D@1@@std@@YA?AV?$basic_string@DU?$char_traits@D@std@@V?$allocator@D@2@@0@$$QAV10@ABV10@@Z 00409ee0 f i read.obj
 0001:00008f40       ??$?HDU?$char_traits@D@std@@V?$allocator@D@1@@std@@YA?AV?$basic_string@DU?$char_traits@D@std@@V?$allocator@D@2@@0@$$QAV10@QBD@Z 00409f40 f i read.obj
 0001:00008fa0       ??$_Erase_tree@V?$allocator@U?$_Tree_node@U?$pair@$$CBV?$basic_string@DU?$char_traits@D@std@@V?$allocator@D@2@@std@@PAVMaterial@@@std@@PAX@std@@@std@@@?$_Tree_val@U?$_Tree_simple_types@U?$pair@$$CBV?$basic_string@DU?$char_traits@D@std@@V?$allocator@D@2@@std@@PAVMaterial@@@std@@@std@@@std@@QAEXAAV?$allocator@U?$_Tree_node@U?$pair@$$CBV?$basic_string@DU?$char_traits@D@std@@V?$allocator@D@2@@std@@PAVMaterial@@@std@@PAX@std@@@1@PAU?$_Tree_node@U?$pair@$$CBV?$basic_string@DU?$char_traits@D@std@@V?$allocator@D@2@@std@@PAVMaterial@@@std@@PAX@1@@Z 00409fa0 f i read.obj
 0001:00009030       ??$_Find_lower_bound@V?$basic_string@DU?$char_traits@D@std@@V?$allocator@D@2@@std@@@?$_Tree@V?$_Tmap_traits@V?$basic_string@DU?$char_traits@D@std@@V?$allocator@D@2@@std@@PAVMaterial@@U?$less@V?$basic_string@DU?$char_traits@D@std@@V?$allocator@D@2@@std@@@2@V?$allocator@U?$pair@$$CBV?$basic_string@DU?$char_traits@D@std@@V?$allocator@D@2@@std@@PAVMaterial@@@std@@@2@$0A@@std@@@std@@IBE?AU?$_Tree_find_result@PAU?$_Tree_node@U?$pair@$$CBV?$basic_string@DU?$char_traits@D@std@@V?$allocator@D@2@@std@@PAVMaterial@@@std@@PAX@std@@@1@ABV?$basic_string@DU?$char_traits@D@std@@V?$allocator@D@2@@1@@Z 0040a030 f i read.obj
 0001:000090c0       ??$_Fputc@D@std@@YA_NDPAU_iobuf@@@Z 0040a0c0 f i read.obj
 0001:000090e0       ??$ends@DU?$char_traits@D@std@@@std@@YAAAV?$basic_ostream@DU?$char_traits@D@std@@@0@AAV10@@Z 0040a0e0 f i read.obj
 0001:00009100       ??$use_facet@V?$codecvt@DDU_Mbstatet@@@std@@@std@@YAABV?$codecvt@DDU_Mbstatet@@@0@ABVlocale@0@@Z 0040a100 f i read.obj
 0001:000091f0       ??0?$basic_ifstream@DU?$char_traits@D@std@@@std@@QAE@PBDHH@Z 0040a1f0 f i read.obj
 0001:000093e0       ??0?$fpos@U_Mbstatet@@@std@@QAE@_J@Z 0040a3e0 f i read.obj
 0001:00009410       ??0Scene@@QAE@XZ           0040a410 f i read.obj
 0001:000095d0       ??0bad_cast@std@@QAE@ABV01@@Z 0040a5d0 f i read.obj
 0001:00009610       ??0bad_cast@std@@QAE@XZ    0040a610 f i read.obj
 0001:00009630       ??0mat4f@@QAE@ABVvec4f@@000@Z 0040a630 f i read.obj
 0001:00009700       ??0ostrstream@std@@QAE@XZ  0040a700 f i read.obj
 0001:000097f0       ??1?$_Alloc_construct_ptr@V?$allocator@U?$_List_node@PAVLight@@PAX@std@@@std@@@std@@QAE@XZ 0040a7f0 f i read.obj
 0001:00009810       ??1?$_Alloc_construct_ptr@V?$allocator@U?$_Tree_node@U?$pair@$$CBV?$basic_string@DU?$char_traits@D@std@@V?$allocator@D@2@@std@@PAVMaterial@@@std@@PAX@std@@@std@@@std@@QAE@XZ 0040a810 f i read.obj
 0001:00009830       ??1?$_Tree_temp_node_alloc@V?$allocator@U?$_Tree_node@U?$pair@$$CBV?$basic_string@DU?$char_traits@D@std@@V?$allocator@D@2@@std@@PAVMaterial@@@std@@PAX@std@@@std@@@std@@QAE@XZ 0040a830 f i read.obj
 0001:00009850       ??1?$basic_filebuf@DU?$char_traits@D@std@@@std@@UAE@XZ 0040a850 f i read.obj
 0001:00009910       ??1?$basic_ifstream@DU?$char_traits@D@std@@@std@@UAE@XZ 0040a910 f i read.obj
 0001:00009940       ??1?$list@PAVGeometry@@V?$allocator@PAVGeometry@@@std@@@std@@QAE@XZ 0040a940 f i read.obj
 0001:00009980       ??1?$list@PAVLight@@V?$allocator@PAVLight@@@std@@@std@@QAE@XZ 0040a980 f i read.obj
 0001:000099c0       ??1?$map@V?$basic_string@DU?$char_traits@D@std@@V?$allocator@D@2@@std@@PAVMaterial@@U?$less@V?$basic_string@DU?$char_traits@D@std@@V?$allocator@D@2@@std@@@2@V?$allocator@U?$pair@$$CBV?$basic_string@DU?$char_traits@D@std@@V?$allocator@D@2@@std@@PAVMaterial@@@std@@@2@@std@@QAE@XZ 0040a9c0 f i read.obj
 0001:000099e0       ??1?$unique_ptr@V_Facet_base@std@@U?$default_delete@V_Facet_base@std@@@2@@std@@QAE@XZ 0040a9e0 f i read.obj
 0001:000099f0       ??1TransformNode@@QAE@XZ   0040a9f0 f i read.obj
 0001:00009a70       ??1TransformRoot@@QAE@XZ   0040aa70 f i read.obj
 0001:00009a80       ??1bad_cast@std@@UAE@XZ    0040aa80 f i read.obj
 0001:00009aa0       ??1locale@std@@QAE@XZ      0040aaa0 f i read.obj
 0001:00009ac0       ??1ostrstream@std@@UAE@XZ  0040aac0 f i read.obj
 0001:00009b70       ??1strstreambuf@std@@UAE@XZ 0040ab70 f i read.obj
 0001:00009bf0       ??4?$basic_string@DU?$char_traits@D@std@@V?$allocator@D@2@@std@@QAEAAV01@$$QAV01@@Z 0040abf0 f i read.obj
 0001:00009c70       ??6@YAAAV?$basic_ostream@DU?$char_traits@D@std@@@std@@AAV01@ABVException@@@Z 0040ac70 f i read.obj
 0001:00009d20       ??_D?$basic_ifstream@DU?$char_traits@D@std@@@std@@QAEXXZ 0040ad20 f i read.obj
 0001:00009d60       ??_Dostrstream@std@@QAEXXZ 0040ad60 f i read.obj
 0001:00009e0d       ??_E?$basic_ifstream@DU?$char_traits@D@std@@@std@@$4PPPPPPPM@A@AEPAXI@Z 0040ae0d f i read.obj
 0001:00009e15       ??_Eostrstream@std@@$4PPPPPPPM@A@AEPAXI@Z 0040ae15 f i read.obj
 0001:00009e20       ??_E?$basic_filebuf@DU?$char_traits@D@std@@@std@@UAEPAXI@Z 0040ae20 f i read.obj
 0001:00009e20       ??_G?$basic_filebuf@DU?$char_traits@D@std@@@std@@UAEPAXI@Z 0040ae20 f i read.obj
 0001:00009e50       ??_G?$basic_ifstream@DU?$char_traits@D@std@@@std@@UAEPAXI@Z 0040ae50 f i read.obj
 0001:00009e50       ??_E?$basic_ifstream@DU?$char_traits@D@std@@@std@@UAEPAXI@Z 0040ae50 f i read.obj
 0001:00009eb0       ??_EBox@@UAEPAXI@Z         0040aeb0 f i read.obj
 0001:00009eb0       ??_GBox@@UAEPAXI@Z         0040aeb0 f i read.obj
 0001:00009ee0       ??_GCone@@UAEPAXI@Z        0040aee0 f i read.obj
 0001:00009ee0       ??_ECone@@UAEPAXI@Z        0040aee0 f i read.obj
 0001:00009f10       ??_GCylinder@@UAEPAXI@Z    0040af10 f i read.obj
 0001:00009f10       ??_ECylinder@@UAEPAXI@Z    0040af10 f i read.obj
 0001:00009f40       ??_GDirectionalLight@@UAEPAXI@Z 0040af40 f i read.obj
 0001:00009f40       ??_EDirectionalLight@@UAEPAXI@Z 0040af40 f i read.obj
 0001:00009f70       ??_GLight@@UAEPAXI@Z       0040af70 f i read.obj
 0001:00009f70       ??_ELight@@UAEPAXI@Z       0040af70 f i read.obj
 0001:00009fa0       ??_EPointLight@@UAEPAXI@Z  0040afa0 f i read.obj
 0001:00009fa0       ??_GPointLight@@UAEPAXI@Z  0040afa0 f i read.obj
 0001:00009fd0       ??_GScene@@UAEPAXI@Z       0040afd0 f i read.obj
 0001:00009fd0       ??_EScene@@UAEPAXI@Z       0040afd0 f i read.obj
 0001:0000a000       ??_GSphere@@UAEPAXI@Z      0040b000 f i read.obj
 0001:0000a000       ??_ESphere@@UAEPAXI@Z      0040b000 f i read.obj
 0001:0000a030       ??_GTrimesh@@UAEPAXI@Z     0040b030 f i read.obj
 0001:0000a030       ??_ETrimesh@@UAEPAXI@Z     0040b030 f i read.obj
 0001:0000a060       ??_EWarnLight@@UAEPAXI@Z   0040b060 f i read.obj
 0001:0000a060       ??_GWarnLight@@UAEPAXI@Z   0040b060 f i read.obj
 0001:0000a090       ??_Gbad_cast@std@@UAEPAXI@Z 0040b090 f i read.obj
 0001:0000a090       ??_Ebad_cast@std@@UAEPAXI@Z 0040b090 f i read.obj
 0001:0000a0c0       ??_Eostrstream@std@@UAEPAXI@Z 0040b0c0 f i read.obj
 0001:0000a0c0       ??_Gostrstream@std@@UAEPAXI@Z 0040b0c0 f i read.obj
 0001:0000a0f0       ??_Estrstreambuf@std@@UAEPAXI@Z 0040b0f0 f i read.obj
 0001:0000a0f0       ??_Gstrstreambuf@std@@UAEPAXI@Z 0040b0f0 f i read.obj
 0001:0000a190       ?ComputeLocalBoundingBox@Box@@UBE?AVBoundingBox@@XZ 0040b190 f i read.obj
 0001:0000a1c0       ?ComputeLocalBoundingBox@Cone@@UAE?AVBoundingBox@@XZ 0040b1c0 f i read.obj
 0001:0000a220       ?ComputeLocalBoundingBox@Cylinder@@UAE?AVBoundingBox@@XZ 0040b220 f i read.obj
 0001:0000a250       ?ComputeLocalBoundingBox@Sphere@@UAE?AVBoundingBox@@XZ 0040b250 f i read.obj
 0001:0000a280       ?_Endwrite@?$basic_filebuf@DU?$char_traits@D@std@@@std@@IAE_NXZ 0040b280 f i read.obj
 0001:0000a350       ?_Free@strstreambuf@std@@ABEXPAD@Z 0040b350 f i read.obj
 0001:0000a380       ?_Insert_node@?$_Tree_val@U?$_Tree_simple_types@U?$pair@$$CBV?$basic_string@DU?$char_traits@D@std@@V?$allocator@D@2@@std@@PAVMaterial@@@std@@@std@@@std@@QAEPAU?$_Tree_node@U?$pair@$$CBV?$basic_string@DU?$char_traits@D@std@@V?$allocator@D@2@@std@@PAVMaterial@@@std@@PAX@2@U?$_Tree_id@PAU?$_Tree_node@U?$pair@$$CBV?$basic_string@DU?$char_traits@D@std@@V?$allocator@D@2@@std@@PAVMaterial@@@std@@PAX@std@@@2@QAU32@@Z 0040b380 f i read.obj
 0001:0000a590       ?_Lock@?$basic_filebuf@DU?$char_traits@D@std@@@std@@UAEXXZ 0040b590 f i read.obj
 0001:0000a5a0       ?_Reset_back@?$basic_filebuf@DU?$char_traits@D@std@@@std@@AAEXXZ 0040b5a0 f i read.obj
 0001:0000a5d0       ?_Throw_bad_cast@std@@YAXXZ 0040b5d0 f i read.obj
 0001:0000a5f0       ?_Unlock@?$basic_filebuf@DU?$char_traits@D@std@@@std@@UAEXXZ 0040b5f0 f i read.obj
 0001:0000a600       ?add@Scene@@QAEXPAVGeometry@@@Z 0040b600 f i read.obj
 0001:0000a6a0       ?add@Scene@@QAEXPAVLight@@@Z 0040b6a0 f i read.obj
 0001:0000a730       ?find@?$_Tree@V?$_Tmap_traits@V?$basic_string@DU?$char_traits@D@std@@V?$allocator@D@2@@std@@PAVMaterial@@U?$less@V?$basic_string@DU?$char_traits@D@std@@V?$allocator@D@2@@std@@@2@V?$allocator@U?$pair@$$CBV?$basic_string@DU?$char_traits@D@std@@V?$allocator@D@2@@std@@PAVMaterial@@@std@@@2@$0A@@std@@@std@@QBE?AV?$_Tree_const_iterator@V?$_Tree_val@U?$_Tree_simple_types@U?$pair@$$CBV?$basic_string@DU?$char_traits@D@std@@V?$allocator@D@2@@std@@PAVMaterial@@@std@@@std@@@std@@@2@ABV?$basic_string@DU?$char_traits@D@std@@V?$allocator@D@2@@2@@Z 0040b730 f i read.obj
 0001:0000a7a0       ?find@?$_Tree@V?$_Tmap_traits@V?$basic_string@DU?$char_traits@D@std@@V?$allocator@D@2@@std@@PAVObj@@U?$less@V?$basic_string@DU?$char_traits@D@std@@V?$allocator@D@2@@std@@@2@V?$allocator@U?$pair@$$CBV?$basic_string@DU?$char_traits@D@std@@V?$allocator@D@2@@std@@PAVObj@@@std@@@2@$0A@@std@@@std@@QBE?AV?$_Tree_const_iterator@V?$_Tree_val@U?$_Tree_simple_types@U?$pair@$$CBV?$basic_string@DU?$char_traits@D@std@@V?$allocator@D@2@@std@@PAVObj@@@std@@@std@@@std@@@2@ABV?$basic_string@DU?$char_traits@D@std@@V?$allocator@D@2@@2@@Z 0040b7a0 f i read.obj
 0001:0000ac00       ?hasBoundingBoxCapability@Box@@UBE_NXZ 0040bc00 f i read.obj
 0001:0000ac10       ?hasBoundingBoxCapability@Cone@@UBE_NXZ 0040bc10 f i read.obj
 0001:0000ac20       ?hasBoundingBoxCapability@Cylinder@@UBE_NXZ 0040bc20 f i read.obj
 0001:0000ac30       ?hasBoundingBoxCapability@Sphere@@UBE_NXZ 0040bc30 f i read.obj
 0001:0000ac40       ?imbue@?$basic_filebuf@DU?$char_traits@D@std@@@std@@MAEXABVlocale@2@@Z 0040bc40 f i read.obj
 0001:0000ad40       ?overflow@?$basic_filebuf@DU?$char_traits@D@std@@@std@@MAEHH@Z 0040bd40 f i read.obj
 0001:0000aec0       ?overflow@strstreambuf@std@@MAEHH@Z 0040bec0 f i read.obj
 0001:0000b020       ?pbackfail@?$basic_filebuf@DU?$char_traits@D@std@@@std@@MAEHH@Z 0040c020 f i read.obj
 0001:0000b0d0       ?pbackfail@strstreambuf@std@@MAEHH@Z 0040c0d0 f i read.obj
 0001:0000f360       ?readScene@@YAPAVScene@@AAV?$basic_istream@DU?$char_traits@D@std@@@std@@@Z 00410360 f   read.obj
 0001:0000f5e0       ?readScene@@YAPAVScene@@ABV?$basic_string@DU?$char_traits@D@std@@V?$allocator@D@2@@std@@@Z 004105e0 f   read.obj
 0001:0000f7a0       ?seekoff@?$basic_filebuf@DU?$char_traits@D@std@@@std@@MAE?AV?$fpos@U_Mbstatet@@@2@_JHH@Z 004107a0 f i read.obj
 0001:0000f880       ?seekoff@strstreambuf@std@@MAE?AV?$fpos@U_Mbstatet@@@2@_JHH@Z 00410880 f i read.obj
 0001:0000fa30       ?seekpos@?$basic_filebuf@DU?$char_traits@D@std@@@std@@MAE?AV?$fpos@U_Mbstatet@@@2@V32@H@Z 00410a30 f i read.obj
 0001:0000fb00       ?seekpos@strstreambuf@std@@MAE?AV?$fpos@U_Mbstatet@@@2@V32@H@Z 00410b00 f i read.obj
 0001:0000fbd0       ?setbuf@?$basic_filebuf@DU?$char_traits@D@std@@@std@@MAEPAV?$basic_streambuf@DU?$char_traits@D@std@@@2@PAD_J@Z 00410bd0 f i read.obj
 0001:0000fca0       ?size@?$vector@PAVObj@@V?$allocator@PAVObj@@@std@@@std@@QBEIXZ 00410ca0 f i read.obj
 0001:0000fcb0       ?str@ostrstream@std@@QAEPADXZ 00410cb0 f i read.obj
 0001:0000fcf0       ?sync@?$basic_filebuf@DU?$char_traits@D@std@@@std@@MAEHXZ 00410cf0 f i read.obj
 0001:0000fd90       ?uflow@?$basic_filebuf@DU?$char_traits@D@std@@@std@@MAEHXZ 00410d90 f i read.obj
 0001:000100c0       ?underflow@?$basic_filebuf@DU?$char_traits@D@std@@@std@@MAEHXZ 004110c0 f i read.obj
 0001:00010100       ?underflow@strstreambuf@std@@MAEHXZ 00411100 f i read.obj
 0001:00010230       ?xsgetn@?$basic_filebuf@DU?$char_traits@D@std@@@std@@MAE_JPAD_J@Z 00411230 f i read.obj
 0001:00010360       ?xsputn@?$basic_filebuf@DU?$char_traits@D@std@@@std@@MAE_JPBD_J@Z 00411360 f i read.obj
 0001:00010440       ?inverse@mat3f@@QBE?AV1@XZ 00411440 f   vecmath.obj
 0001:000107e0       ?inverse@mat4f@@QBE?AV1@XZ 004117e0 f   vecmath.obj
 0001:00010c60       ??0Camera@@QAE@XZ          00411c60 f   camera.obj
 0001:00010cf0       ?rayThrough@Camera@@QAEXNNAAVray@@@Z 00411cf0 f   camera.obj
 0001:00010e00       ?setAspectRatio@Camera@@QAEXN@Z 00411e00 f   camera.obj
 0001:00010f90       ?setEye@Camera@@QAEXABVvec3f@@@Z 00411f90 f   camera.obj
 0001:00010fc0       ?setFOV@Camera@@QAEXN@Z    00411fc0 f   camera.obj
 0001:00011170       ?setLook@Camera@@QAEXABVvec3f@@0@Z 00412170 f   camera.obj
 0001:00011480       ?setLook@Camera@@QAEXNNNN@Z 00412480 f   camera.obj
 0001:00011740       ?update@Camera@@AAEXXZ     00412740 f   camera.obj
 0001:000118d0       ?WarnLightAttenuation@DirectionalLight@@UBENABVvec3f@@@Z 004128d0 f   light.obj
 0001:000118e0       ?WarnLightAttenuation@PointLight@@UBENABVvec3f@@@Z 004128e0 f   light.obj
 0001:000118f0       ?WarnLightAttenuation@WarnLight@@UBENABVvec3f@@@Z 004128f0 f   light.obj
 0001:000119a0       ?distanceAttenuation@DirectionalLight@@UBENABVvec3f@@@Z 004129a0 f   light.obj
 0001:000119b0       ?distanceAttenuation@PointLight@@UBENABVvec3f@@@Z 004129b0 f   light.obj
 0001:00011a60       ?getColor@DirectionalLight@@UBE?AVvec3f@@ABV2@@Z 00412a60 f   light.obj
 0001:00011a80       ?getColor@PointLight@@UBE?AVvec3f@@ABV2@@Z 00412a80 f   light.obj
 0001:00011aa0       ?getDirection@DirectionalLight@@UBE?AVvec3f@@ABV2@@Z 00412aa0 f   light.obj
 0001:00011ad0       ?getDirection@PointLight@@UBE?AVvec3f@@ABV2@@Z 00412ad0 f   light.obj
 0001:00011b70       ?shadowAttenuation@DirectionalLight@@UBE?AVvec3f@@ABV2@@Z 00412b70 f   light.obj
 0001:00011e90       ?shadowAttenuation@PointLight@@UBE?AVvec3f@@ABV2@@Z 00412e90 f   light.obj
 0001:00012240       ?shade@Material@@UBE?AVvec3f@@PAVScene@@ABVray@@ABVisect@@@Z 00413240 f   material.obj
 0001:000127a0       ?getMaterial@isect@@QBEABVMaterial@@XZ 004137a0 f   ray.obj
 0001:000127b0       ??1Scene@@UAE@XZ           004137b0 f   scene.obj
 0001:00012940       ??4BoundingBox@@QAEXABV0@@Z 00413940 f   scene.obj
 0001:00012990       ?IsAdapSampling@Scene@@QAE_NXZ 00413990 f   scene.obj
 0001:000129a0       ?IsSampling@Scene@@QAE_NXZ 004139a0 f   scene.obj
 0001:000129b0       ?getMaxDepth@Scene@@QAEHXZ 004139b0 f   scene.obj
 0001:000129c0       ?getMaxThreshold@Scene@@QAE?AVvec3f@@XZ 004139c0 f   scene.obj
 0001:000129f0       ?getNumSampling@Scene@@QAEHXZ 004139f0 f   scene.obj
 0001:00012a00       ?hasBoundingBoxCapability@Geometry@@UBE_NXZ 00413a00 f   scene.obj
 0001:00012a10       ?initScene@Scene@@QAEXXZ   00413a10 f   scene.obj
 0001:00012c40       ?intersect@BoundingBox@@QBE_NABVray@@AAN1@Z 00413c40 f   scene.obj
 0001:00012d60       ?intersect@Geometry@@UBE_NABVray@@AAVisect@@@Z 00413d60 f   scene.obj
 0001:000130c0       ?intersect@Scene@@QBE_NABVray@@AAVisect@@@Z 004140c0 f   scene.obj
 0001:000137c0       ?intersectLocal@Geometry@@UBE_NABVray@@AAVisect@@@Z 004147c0 f   scene.obj
 0001:000137d0       ?intersects@BoundingBox@@QBE_NABV1@@Z 004147d0 f   scene.obj
 0001:00013860       ?intersects@BoundingBox@@QBE_NABVvec3f@@@Z 00414860 f   scene.obj
 0001:000138e0       ?intersectLocal@Box@@UBE_NABVray@@AAVisect@@@Z 004148e0 f   Box.obj
 0001:00013b10       ?intersectBody@Cone@@QBE_NABVray@@AAVisect@@@Z 00414b10 f   Cone.obj
 0001:00013ee0       ?intersectCaps@Cone@@QBE_NABVray@@AAVisect@@@Z 00414ee0 f   Cone.obj
 0001:00014070       ?intersectLocal@Cone@@UBE_NABVray@@AAVisect@@@Z 00415070 f   Cone.obj
 0001:00014590       ?intersectBody@Cylinder@@QBE_NABVray@@AAVisect@@@Z 00415590 f   Cylinder.obj
 0001:00014890       ?intersectCaps@Cylinder@@QBE_NABVray@@AAVisect@@@Z 00415890 f   Cylinder.obj
 0001:000149b0       ?intersectLocal@Cylinder@@UBE_NABVray@@AAVisect@@@Z 004159b0 f   Cylinder.obj
 0001:00014e80       ?intersectLocal@Sphere@@UBE_NABVray@@AAVisect@@@Z 00415e80 f   Sphere.obj
 0001:00015090       ?getUV@Square@@UBE?AVvec3f@@ABVray@@@Z 00416090 f   Square.obj
 0001:00015330       ?intersectLocal@Square@@UBE_NABVray@@AAVisect@@@Z 00416330 f   Square.obj
 0001:00015400       ??$_Copy_memmove@PAPAVMaterial@@PAPAV1@@std@@YAPAPAVMaterial@@PAPAV1@00@Z 00416400 f i trimesh.obj
 0001:00015430       ??$_Copy_memmove@PAPAVTrimeshFace@@PAPAV1@@std@@YAPAPAVTrimeshFace@@PAPAV1@00@Z 00416430 f i trimesh.obj
 0001:00015460       ??$_Emplace_reallocate@ABQAVMaterial@@@?$vector@PAVMaterial@@V?$allocator@PAVMaterial@@@std@@@std@@QAEPAPAVMaterial@@QAPAV2@ABQAV2@@Z 00416460 f i trimesh.obj
 0001:000155c0       ??$_Emplace_reallocate@ABQAVTrimeshFace@@@?$vector@PAVTrimeshFace@@V?$allocator@PAVTrimeshFace@@@std@@@std@@QAEPAPAVTrimeshFace@@QAPAV2@ABQAV2@@Z 004165c0 f i trimesh.obj
 0001:00015720       ??$_Emplace_reallocate@ABVvec3f@@@?$vector@Vvec3f@@V?$allocator@Vvec3f@@@std@@@std@@QAEPAVvec3f@@QAV2@ABV2@@Z 00416720 f i trimesh.obj
 0001:00015830       ??$_Resize_reallocate@U_Value_init_tag@std@@@?$vector@Vvec3f@@V?$allocator@Vvec3f@@@std@@@std@@AAEXIABU_Value_init_tag@1@@Z 00416830 f i trimesh.obj
 0001:00015920       ??0Material@@QAE@ABV0@@Z   00416920 f i trimesh.obj
 0001:00015a50       ??1?$vector@Vvec3f@@V?$allocator@Vvec3f@@@std@@@std@@QAE@XZ 00416a50 f i trimesh.obj
 0001:00015ac0       ??1Trimesh@@UAE@XZ         00416ac0 f   trimesh.obj
 0001:00015c30       ??_ETrimeshFace@@UAEPAXI@Z 00416c30 f i trimesh.obj
 0001:00015c30       ??_GTrimeshFace@@UAEPAXI@Z 00416c30 f i trimesh.obj
 0001:00015c60       ?ComputeLocalBoundingBox@TrimeshFace@@UAE?AVBoundingBox@@XZ 00416c60 f i trimesh.obj
 0001:00015d80       ?_Change_array@?$vector@Vvec3f@@V?$allocator@Vvec3f@@@std@@@std@@AAEXQAVvec3f@@II@Z 00416d80 f i trimesh.obj
 0001:00015e00       ?_Umove@?$vector@Vvec3f@@V?$allocator@Vvec3f@@@std@@@std@@AAEPAVvec3f@@PAV3@00@Z 00416e00 f i trimesh.obj
 0001:00015e60       ?_Umove_if_noexcept@?$vector@Vvec3f@@V?$allocator@Vvec3f@@@std@@@std@@AAEXPAVvec3f@@00@Z 00416e60 f i trimesh.obj
 0001:00015eb0       ?_Xlength@?$vector@PAVMaterial@@V?$allocator@PAVMaterial@@@std@@@std@@CAXXZ 00416eb0 f i trimesh.obj
 0001:00015ec0       ?_Xlength@?$vector@PAVTrimeshFace@@V?$allocator@PAVTrimeshFace@@@std@@@std@@CAXXZ 00416ec0 f i trimesh.obj
 0001:00015ed0       ?_Xlength@?$vector@Vvec3f@@V?$allocator@Vvec3f@@@std@@@std@@CAXXZ 00416ed0 f i trimesh.obj
 0001:00015ee0       ?addFace@Trimesh@@QAE_NHHH@Z 00416ee0 f   trimesh.obj
 0001:00016080       ?addMaterial@Trimesh@@QAEXPAVMaterial@@@Z 00417080 f   trimesh.obj
 0001:000160b0       ?addNormal@Trimesh@@QAEXABVvec3f@@@Z 004170b0 f   trimesh.obj
 0001:00016100       ?addVertex@Trimesh@@QAEXABVvec3f@@@Z 00417100 f   trimesh.obj
 0001:00016150       ?allocate@?$allocator@Vvec3f@@@std@@QAEPAVvec3f@@I@Z 00417150 f i trimesh.obj
 0001:000161b0       ?doubleCheck@Trimesh@@QAEPADXZ 004171b0 f   trimesh.obj
 0001:00016230       ?generateNormals@Trimesh@@QAEXXZ 00417230 f   trimesh.obj
 0001:00016530       ?hasBoundingBoxCapability@TrimeshFace@@UBE_NXZ 00417530 f i trimesh.obj
 0001:00016540       ?intersectLocal@TrimeshFace@@UBE_NABVray@@AAVisect@@@Z 00417540 f   trimesh.obj
 0001:00016ff0       ?visual@Fl@@SAHH@Z         00417ff0 f   fltk:Fl_visual.obj
 0001:00017050       ?option@Fl@@SA_NW4Fl_Option@1@@Z 00418050 f   fltk:Fl.obj
 0001:000172e0       ?option@Fl@@SAXW4Fl_Option@1@_N@Z 004182e0 f   fltk:Fl.obj
 0001:00017320       ?version@Fl@@SANXZ         00418320 f   fltk:Fl.obj
 0001:00017330       ?scrollbar_size@Fl@@SAHXZ  00418330 f   fltk:Fl.obj
 0001:00017340       ?scrollbar_size@Fl@@SAXH@Z 00418340 f   fltk:Fl.obj
 0001:00017350       ?wait@Fl@@SAHXZ            00418350 f   fltk:Fl.obj
 0001:000173a0       ?wait@Fl@@SANN@Z           004183a0 f   fltk:Fl.obj
 0001:000173d0       ?check@Fl@@SAHXZ           004183d0 f   fltk:Fl.obj
 0001:00017410       ?ready@Fl@@SAHXZ           00418410 f   fltk:Fl.obj
 0001:00017420       ?run@Fl@@SAHXZ             00418420 f   fltk:Fl.obj
 0001:00017450       ?add_timeout@Fl@@SAXNP6AXPAX@Z0@Z 00418450 f   fltk:Fl.obj
 0001:00017480       ?repeat_timeout@Fl@@SAXNP6AXPAX@Z0@Z 00418480 f   fltk:Fl.obj
 0001:00017630       ?has_timeout@Fl@@SAHP6AXPAX@Z0@Z 00418630 f   fltk:Fl.obj
 0001:00017690       ?remove_timeout@Fl@@SAXP6AXPAX@Z0@Z 00418690 f   fltk:Fl.obj
 0001:00017700       ?add_check@Fl@@SAXP6AXPAX@Z0@Z 00418700 f   fltk:Fl.obj
 0001:00017780       ?has_check@Fl@@SAHP6AXPAX@Z0@Z 00418780 f   fltk:Fl.obj
 0001:000177d0       ?remove_check@Fl@@SAXP6AXPAX@Z0@Z 004187d0 f   fltk:Fl.obj
 0001:00017850       ?add_fd@Fl@@SAXHHP6AXHPAX@Z0@Z 00418850 f   fltk:Fl.obj
 0001:00017b20       ?add_fd@Fl@@SAXHP6AXHPAX@Z0@Z 00418b20 f   fltk:Fl.obj
 0001:00017b40       ?remove_fd@Fl@@SAXHH@Z     00418b40 f   fltk:Fl.obj
 0001:00017e40       ?remove_fd@Fl@@SAXH@Z      00418e40 f   fltk:Fl.obj
 0001:00017e60       ?redraw@Fl@@SAXXZ          00418e60 f   fltk:Fl.obj
 0001:00017e90       ?flush@Fl@@SAXXZ           00418e90 f   fltk:Fl.obj
 0001:00017f60       ?first_window@Fl@@SAPAVFl_Window@@XZ 00418f60 f   fltk:Fl.obj
 0001:00017f90       ?first_window@Fl@@SAXPAVFl_Window@@@Z 00418f90 f   fltk:Fl.obj
 0001:00017fe0       ?next_window@Fl@@SAPAVFl_Window@@PBV2@@Z 00418fe0 f   fltk:Fl.obj
 0001:00018020       ?get_mouse@Fl@@SAXAAH0@Z   00419020 f   fltk:Fl.obj
 0001:00018050       ?event_inside@Fl@@SAHHHHH@Z 00419050 f   fltk:Fl.obj
 0001:000180a0       ?event_inside@Fl@@SAHPBVFl_Widget@@@Z 004190a0 f   fltk:Fl.obj
 0001:00018120       ?enable_im@Fl@@SAXXZ       00419120 f   fltk:Fl.obj
 0001:00018160       ?disable_im@Fl@@SAXXZ      00419160 f   fltk:Fl.obj
 0001:000181a0       ?handle@Fl@@SAHHPAVFl_Window@@@Z 004191a0 f   fltk:Fl.obj
 0001:000181e0       ?handle_@Fl@@SAHHPAVFl_Window@@@Z 004191e0 f   fltk:Fl.obj
 0001:000188c0       ?belowmouse@Fl@@SAXPAVFl_Widget@@@Z 004198c0 f   fltk:Fl.obj
 0001:00018960       ?pushed@Fl@@SAXPAVFl_Widget@@@Z 00419960 f   fltk:Fl.obj
 0001:00018970       ?focus@Fl@@SAXPAVFl_Widget@@@Z 00419970 f   fltk:Fl.obj
 0001:00018a70       ?add_handler@Fl@@SAXP6AHH@Z@Z 00419a70 f   fltk:Fl.obj
 0001:00018ab0       ?remove_handler@Fl@@SAXP6AHH@Z@Z 00419ab0 f   fltk:Fl.obj
 0001:00018b30       ?add_system_handler@Fl@@SAXP6AHPAX0@Z0@Z 00419b30 f   fltk:Fl.obj
 0001:00018b80       ?remove_system_handler@Fl@@SAXP6AHPAX0@Z@Z 00419b80 f   fltk:Fl.obj
 0001:00018c00       ?event_dispatch@Fl@@SAXP6AHHPAVFl_Window@@@Z@Z 00419c00 f   fltk:Fl.obj
 0001:00018c10       ?event_dispatch@Fl@@SAP6AHHPAVFl_Window@@@ZXZ 00419c10 f   fltk:Fl.obj
 0001:00018c20       ?copy@Fl@@SAXPBDHH0@Z      00419c20 f   fltk:Fl.obj
 0001:00018d50       ?copy@Fl@@SAXPBDHH@Z       00419d50 f   fltk:Fl.obj
 0001:00018d70       ?paste@Fl@@SAXAAVFl_Widget@@HPBD@Z 00419d70 f   fltk:Fl.obj
 0001:00019a60       ?paste@Fl@@SAXAAVFl_Widget@@H@Z 0041aa60 f   fltk:Fl.obj
 0001:00019a80       ?add_clipboard_notify@Fl@@SAXP6AXHPAX@Z0@Z 0041aa80 f   fltk:Fl.obj
 0001:00019ae0       ?remove_clipboard_notify@Fl@@SAXP6AXHPAX@Z@Z 0041aae0 f   fltk:Fl.obj
 0001:00019b50       ?clipboard_contains@Fl@@SAHPBD@Z 0041ab50 f   fltk:Fl.obj
 0001:00019c00       ?selection_owner@Fl@@SAXPAVFl_Widget@@@Z 0041ac00 f   fltk:Fl.obj
 0001:00019c10       ?selection@Fl@@SAXAAVFl_Widget@@PBDH@Z 0041ac10 f   fltk:Fl.obj
 0001:00019c30       ?paste@Fl@@SAXAAVFl_Widget@@@Z 0041ac30 f   fltk:Fl.obj
 0001:00019c50       ?x@Fl@@SAHXZ               0041ac50 f   fltk:Fl.obj
 0001:00019c90       ?y@Fl@@SAHXZ               0041ac90 f   fltk:Fl.obj
 0001:00019cd0       ?w@Fl@@SAHXZ               0041acd0 f   fltk:Fl.obj
 0001:00019d10       ?h@Fl@@SAHXZ               0041ad10 f   fltk:Fl.obj
 0001:00019d50       ?thread_message@Fl@@SAPAXXZ 0041ad50 f   fltk:Fl.obj
 0001:00019d70       ?delete_widget@Fl@@SAXPAVFl_Widget@@@Z 0041ad70 f   fltk:Fl.obj
 0001:00019e70       ?do_widget_deletion@Fl@@SAXXZ 0041ae70 f   fltk:Fl.obj
 0001:00019ef0       ?watch_widget_pointer@Fl@@SAXAAPAVFl_Widget@@@Z 0041aef0 f   fltk:Fl.obj
 0001:00019f90       ?release_widget_pointer@Fl@@SAXAAPAVFl_Widget@@@Z 0041af90 f   fltk:Fl.obj
 0001:0001a010       ?clear_widget_pointer@Fl@@SAXPBVFl_Widget@@@Z 0041b010 f   fltk:Fl.obj
 0001:0001a080       ??0Fl_Widget_Tracker@@QAE@PAVFl_Widget@@@Z 0041b080 f   fltk:Fl.obj
 0001:0001a0b0       ??1Fl_Widget_Tracker@@QAE@XZ 0041b0b0 f   fltk:Fl.obj
 0001:0001a100       ?redraw@Fl_Widget@@QAEXXZ  0041b100 f   fltk:Fl.obj
 0001:0001a120       ?redraw_label@Fl_Widget@@QAEXXZ 0041b120 f   fltk:Fl.obj
 0001:0001a720       ?damage@Fl_Widget@@QAEXE@Z 0041b720 f   fltk:Fl.obj
 0001:0001a7e0       ?damage@Fl_Widget@@QAEXEHHHH@Z 0041b7e0 f   fltk:Fl.obj
 0001:0001a9d0       ?size_range_@Fl_Window@@AAEXXZ 0041b9d0 f   fltk:Fl.obj
 0001:0001a9f0       ?fullscreen_x@Fl_Window@@AAEXXZ 0041b9f0 f   fltk:Fl.obj
 0001:0001aa60       ?fullscreen_off_x@Fl_Window@@AAEXHHHH@Z 0041ba60 f   fltk:Fl.obj
 0001:0001ac40       ?flush@Fl_Window@@MAEXXZ   0041bc40 f   fltk:Fl.obj
 0001:0001acb0       ?handle@Fl_Window@@UAEHH@Z 0041bcb0 f   fltk:Fl.obj
 0001:0001ae20       ?resize@Fl_Window@@UAEXHHHH@Z 0041be20 f   fltk:Fl.obj
 0001:0001b100       ?label@Fl_Window@@QAEXPBD0@Z 0041c100 f   fltk:Fl.obj
 0001:0001b1f0       ?default_icons@Fl_Window@@SAXPAUHICON__@@0@Z 0041c1f0 f   fltk:Fl.obj
 0001:0001b210       ?icons@Fl_Window@@QAEXPAUHICON__@@0@Z 0041c210 f   fltk:Fl.obj
 0001:0001b270       ?show@Fl_Window@@UAEXXZ    0041c270 f   fltk:Fl.obj
 0001:0001b330       ?hide@Fl_Window@@UAEXXZ    0041c330 f   fltk:Fl.obj
 0001:0001b790       ?make_current@Fl_Window@@QAEXXZ 0041c790 f   fltk:Fl.obj
 0001:0001b7f0       ?decorated_w@Fl_Window@@QAEHXZ 0041c7f0 f   fltk:Fl.obj
 0001:0001b8c0       ?decorated_h@Fl_Window@@QAEHXZ 0041c8c0 f   fltk:Fl.obj
 0001:0001b990       ?XRectangleRegion@@YAPAUHRGN__@@HHHH@Z 0041c990 f   fltk:Fl.obj
 0001:0001ba40       ?fake_X_wm@Fl_X@@SAHPBVFl_Window@@AAH1111@Z 0041ca40 f   fltk:Fl.obj
 0001:0001c170       ?make_fullscreen@Fl_X@@QAEXHHHH@Z 0041d170 f   fltk:Fl.obj
 0001:0001c2d0       ?set_minmax@Fl_X@@QAEXPAUtagMINMAXINFO@@@Z 0041d2d0 f   fltk:Fl.obj
 0001:0001c3c0       ?set_default_icons@Fl_X@@SAXQAPBVFl_RGB_Image@@H@Z 0041d3c0 f   fltk:Fl.obj
 0001:0001c480       ?set_default_icons@Fl_X@@SAXPAUHICON__@@0@Z 0041d480 f   fltk:Fl.obj
 0001:0001c4f0       ?set_icons@Fl_X@@QAEXXZ    0041d4f0 f   fltk:Fl.obj
 0001:0001c690       ?set_cursor@Fl_X@@QAEHW4Fl_Cursor@@@Z 0041d690 f   fltk:Fl.obj
 0001:0001c820       ?set_cursor@Fl_X@@QAEHPBVFl_RGB_Image@@HH@Z 0041d820 f   fltk:Fl.obj
 0001:0001c8a0       ?make@Fl_X@@SAPAV1@PAVFl_Window@@@Z 0041d8a0 f   fltk:Fl.obj
 0001:0001d540       ?fl_release_dc@@YAXPAUHWND__@@PAUHDC__@@@Z 0041e540 f   fltk:Fl.obj
 0001:0001d5e0       ?fl_save_dc@@YAXPAUHWND__@@PAUHDC__@@@Z 0041e5e0 f   fltk:Fl.obj
 0001:0001d650       ?fl_open_display@@YAXXZ    0041e650 f   fltk:Fl.obj
 0001:0001d680       ?fl_find@@YAPAVFl_Window@@PAUHWND__@@@Z 0041e680 f   fltk:Fl.obj
 0001:0001d700       ?fl_GetDC@@YAPAUHDC__@@PAUHWND__@@@Z 0041e700 f   fltk:Fl.obj
 0001:0001d7a0       ?fl_free_fonts@@YAXXZ      0041e7a0 f   fltk:Fl.obj
 0001:0001d860       ?fl_cleanup_dc_list@@YAXXZ 0041e860 f   fltk:Fl.obj
 0001:0001d930       ?fl_clipboard_notify_change@@YAXXZ 0041e930 f   fltk:Fl.obj
 0001:0001d9b0       ?fl_clipboard_notify_empty@@YA_NXZ 0041e9b0 f   fltk:Fl.obj
 0001:0001d9e0       ?fl_trigger_clipboard_notify@@YAXH@Z 0041e9e0 f   fltk:Fl.obj
 0001:0001da20       ?fl_ready@@YAHXZ           0041ea20 f   fltk:Fl.obj
 0001:0001db00       ?fl_wait@@YAHN@Z           0041eb00 f   fltk:Fl.obj
 0001:0001df10       ?fl_send_system_handlers@@YAHPAX@Z 0041ef10 f   fltk:Fl.obj
 0001:0001df70       ?fl_fix_focus@@YAXXZ       0041ef70 f   fltk:Fl.obj
 0001:0001e150       ?fl_throw_focus@@YAXPAVFl_Widget@@@Z 0041f150 f   fltk:Fl.obj
 0001:0001e320       ?fl_clipboard_notify_retarget@@YAXPAUHWND__@@@Z 0041f320 f   fltk:Fl.obj
 0001:0001e380       ?fl_update_clipboard@@YAXXZ 0041f380 f   fltk:Fl.obj
 0001:0001e490       ?fl_set_status@@YAXHHHH@Z  0041f490 f   fltk:Fl.obj
 0001:0001e4a0       ?fl_set_spot@@YAXHHHHHHPAVFl_Window@@@Z 0041f4a0 f   fltk:Fl.obj
 0001:0001e600       ?fl_reset_spot@@YAXXZ      0041f600 f   fltk:Fl.obj
 0001:0001e610       ?print_window@Fl_Paged_Device@@QAEXPAVFl_Window@@HH@Z 0041f610 f   fltk:Fl.obj
 0001:0001ec40       ?fl_get_lcid_codepage@@YAIK@Z 0041fc40 f   fltk:Fl.obj
 0001:0001eca0       ?fl_get_codepage@@YAXXZ    0041fca0 f   fltk:Fl.obj
 0001:00020260       ?fl_filename_name@@YAPBDPBD@Z 00421260 f   fltk:Fl.obj
 0001:00020860       ?fl_xid_@@YAPAUHWND__@@PBVFl_Window@@@Z 00421860 f   fltk:Fl.obj
 0001:00020890       ??0Lf2CrlfConvert@@QAE@PBDH@Z 00421890 f i fltk:Fl.obj
 0001:00020a50       ??1Fl_Win32_At_Exit@@QAE@XZ 00421a50 f i fltk:Fl.obj
 0001:00020ac0       ??1Lf2CrlfConvert@@QAE@XZ  00421ac0 f i fltk:Fl.obj
 0001:00020af0       ??1NameList@@QAE@XZ        00421af0 f i fltk:Fl.obj
 0001:00020b50       ??_GFl_Device@@UAEPAXI@Z   00421b50 f i fltk:Fl.obj
 0001:00020b50       ??_EFl_Device@@UAEPAXI@Z   00421b50 f i fltk:Fl.obj
 0001:00020b80       ??_GFl_GDI_Graphics_Driver@@UAEPAXI@Z 00421b80 f i fltk:Fl.obj
 0001:00020b80       ??_EFl_GDI_Graphics_Driver@@UAEPAXI@Z 00421b80 f i fltk:Fl.obj
 0001:00020be0       ??_EFl_Graphics_Driver@@UAEPAXI@Z 00421be0 f i fltk:Fl.obj
 0001:00020be0       ??_GFl_Graphics_Driver@@UAEPAXI@Z 00421be0 f i fltk:Fl.obj
 0001:00020c40       ??_EFl_Image@@UAEPAXI@Z    00421c40 f i fltk:Fl.obj
 0001:00020c40       ??_GFl_Image@@UAEPAXI@Z    00421c40 f i fltk:Fl.obj
 0001:00020c70       ??_GFl_RGB_Image@@UAEPAXI@Z 00421c70 f i fltk:Fl.obj
 0001:00020c70       ??_EFl_RGB_Image@@UAEPAXI@Z 00421c70 f i fltk:Fl.obj
 0001:00020ca0       ??_EFl_Surface_Device@@UAEPAXI@Z 00421ca0 f i fltk:Fl.obj
 0001:00020ca0       ??_GFl_Surface_Device@@UAEPAXI@Z 00421ca0 f i fltk:Fl.obj
 0001:00020ce0       ?add_name@NameList@@QAEXPBD@Z 00421ce0 f i fltk:Fl.obj
 0001:00020d60       ?class_name@Fl_Device@@UAEPBDXZ 00421d60 f i fltk:Fl.obj
 0001:00020d70       ?class_name@Fl_GDI_Graphics_Driver@@UAEPBDXZ 00421d70 f i fltk:Fl.obj
 0001:00020d80       ?class_name@Fl_Graphics_Driver@@UAEPBDXZ 00421d80 f i fltk:Fl.obj
 0001:00020d90       ?class_name@Fl_Surface_Device@@UAEPBDXZ 00421d90 f i fltk:Fl.obj
 0001:00020da0       ?color@Fl_Graphics_Driver@@MAEXEEE@Z 00421da0 f i fltk:Fl.obj
 0001:00020db0       ?color@Fl_Graphics_Driver@@MAEXI@Z 00421db0 f i fltk:Fl.obj
 0001:00020dd0       ?descent@Fl_Graphics_Driver@@UAEHXZ 00421dd0 f i fltk:Fl.obj
 0001:00020de0       ?draw@Fl_Graphics_Driver@@MAEXHPBDHHH@Z 00421de0 f i fltk:Fl.obj
 0001:00020df0       ?draw@Fl_Graphics_Driver@@MAEXPAVFl_Bitmap@@HHHHHH@Z 00421df0 f i fltk:Fl.obj
 0001:00020e00       ?draw@Fl_Graphics_Driver@@MAEXPAVFl_Pixmap@@HHHHHH@Z 00421e00 f i fltk:Fl.obj
 0001:00020e10       ?draw@Fl_Graphics_Driver@@MAEXPAVFl_RGB_Image@@HHHHHH@Z 00421e10 f i fltk:Fl.obj
 0001:00020e20       ?draw@Fl_Graphics_Driver@@MAEXPBDHHH@Z 00421e20 f i fltk:Fl.obj
 0001:00020e30       ?draw_image@Fl_Graphics_Driver@@MAEXP6AXPAXHHHPAE@Z0HHHHH@Z 00421e30 f i fltk:Fl.obj
 0001:00020e40       ?draw_image@Fl_Graphics_Driver@@MAEXPBEHHHHHH@Z 00421e40 f i fltk:Fl.obj
 0001:00020e50       ?draw_image_mono@Fl_Graphics_Driver@@MAEXP6AXPAXHHHPAE@Z0HHHHH@Z 00421e50 f i fltk:Fl.obj
 0001:00020e60       ?draw_image_mono@Fl_Graphics_Driver@@MAEXPBEHHHHHH@Z 00421e60 f i fltk:Fl.obj
 0001:00020e70       ?font@Fl_Graphics_Driver@@UAEXHH@Z 00421e70 f i fltk:Fl.obj
 0001:00020e90       ?height@Fl_Graphics_Driver@@UAEHXZ 00421e90 f i fltk:Fl.obj
 0001:00020eb0       ?rtl_draw@Fl_Graphics_Driver@@MAEXPBDHHH@Z 00421eb0 f i fltk:Fl.obj
 0001:00020ec0       ?width@Fl_Graphics_Driver@@UAENI@Z 00421ec0 f i fltk:Fl.obj
 0001:00020ef0       ?width@Fl_Graphics_Driver@@UAENPBDH@Z 00421ef0 f i fltk:Fl.obj
 0001:00020f00       ?fl_beep@@YAXH@Z           00421f00 f   fltk:fl_ask.obj
 0001:00020f70       ?fl_message@@YAXPBDZZ      00421f70 f   fltk:fl_ask.obj
 0001:00020fd0       ?fl_alert@@YAXPBDZZ        00421fd0 f   fltk:fl_ask.obj
 0001:00021030       ?fl_ask@@YAHPBDZZ          00422030 f   fltk:fl_ask.obj
 0001:00021080       ?fl_choice@@YAHPBD000ZZ    00422080 f   fltk:fl_ask.obj
 0001:000210d0       ?fl_input@@YAPBDPBD0ZZ     004220d0 f   fltk:fl_ask.obj
 0001:00021120       ?fl_password@@YAPBDPBD0ZZ  00422120 f   fltk:fl_ask.obj
 0001:00021170       ?fl_message_icon@@YAPAVFl_Widget@@XZ 00422170 f   fltk:fl_ask.obj
 0001:00021180       ?fl_message_hotspot@@YAXH@Z 00422180 f   fltk:fl_ask.obj
 0001:000211b0       ?fl_message_hotspot@@YAHXZ 004221b0 f   fltk:fl_ask.obj
 0001:000211c0       ?fl_message_title@@YAXPBD@Z 004221c0 f   fltk:fl_ask.obj
 0001:000211e0       ?fl_message_title_default@@YAXPBD@Z 004221e0 f   fltk:fl_ask.obj
 0001:00022060       ??$__vcrt_va_start_verify_argument_type@PBD@@YAXXZ 00423060 f i fltk:fl_ask.obj
 0001:00022070       ?default_atclose@Fl@@SAXPAVFl_Window@@PAX@Z 00423070 f   fltk:Fl_Window.obj
 0001:000220a0       ?window@Fl_Widget@@QBEPAVFl_Window@@XZ 004230a0 f   fltk:Fl_Window.obj
 0001:000220f0       ?top_window@Fl_Widget@@QBEPAVFl_Window@@XZ 004230f0 f   fltk:Fl_Window.obj
 0001:00022130       ?top_window_offset@Fl_Widget@@QBEPAVFl_Window@@AAH0@Z 00423130 f   fltk:Fl_Window.obj
 0001:000221b0       ?_Fl_Window@Fl_Window@@AAEXXZ 004231b0 f   fltk:Fl_Window.obj
 0001:000222a0       ?free_icons@Fl_Window@@IAEXXZ 004232a0 f   fltk:Fl_Window.obj
 0001:000223b0       ??0Fl_Window@@QAE@HHPBD@Z  004233b0 f   fltk:Fl_Window.obj
 0001:00022450       ??0Fl_Window@@QAE@HHHHPBD@Z 00423450 f   fltk:Fl_Window.obj
 0001:000224f0       ??1Fl_Window@@UAE@XZ       004234f0 f   fltk:Fl_Window.obj
 0001:000225e0       ?label@Fl_Window@@QAEXPBD@Z 004235e0 f   fltk:Fl_Window.obj
 0001:00022610       ?iconlabel@Fl_Window@@QAEXPBD@Z 00423610 f   fltk:Fl_Window.obj
 0001:00022640       ?copy_label@Fl_Window@@QAEXPBD@Z 00423640 f   fltk:Fl_Window.obj
 0001:00022680       ?default_xclass@Fl_Window@@SAXPBD@Z 00423680 f   fltk:Fl_Window.obj
 0001:000226c0       ?default_xclass@Fl_Window@@SAPBDXZ 004236c0 f   fltk:Fl_Window.obj
 0001:000226e0       ?xclass@Fl_Window@@QBEPBDXZ 004236e0 f   fltk:Fl_Window.obj
 0001:00022710       ?xclass@Fl_Window@@QAEXPBD@Z 00423710 f   fltk:Fl_Window.obj
 0001:00022770       ?default_icon@Fl_Window@@SAXPBVFl_RGB_Image@@@Z 00423770 f   fltk:Fl_Window.obj
 0001:00022790       ?default_icons@Fl_Window@@SAXQAPBVFl_RGB_Image@@H@Z 00423790 f   fltk:Fl_Window.obj
 0001:000227b0       ?icon@Fl_Window@@QAEXPBVFl_RGB_Image@@@Z 004237b0 f   fltk:Fl_Window.obj
 0001:000227d0       ?icons@Fl_Window@@QAEXQAPBVFl_RGB_Image@@H@Z 004237d0 f   fltk:Fl_Window.obj
 0001:000228a0       ?icon@Fl_Window@@QBEPBXXZ  004238a0 f   fltk:Fl_Window.obj
 0001:000228c0       ?icon@Fl_Window@@QAEXPBX@Z 004238c0 f   fltk:Fl_Window.obj
 0001:000228e0       ?wait_for_expose@Fl_Window@@QAEXXZ 004238e0 f   fltk:Fl_Window.obj
 0001:00022930       ?x_root@Fl_Window@@QBEHXZ  00423930 f   fltk:Fl_Window.obj
 0001:00022970       ?y_root@Fl_Window@@QBEHXZ  00423970 f   fltk:Fl_Window.obj
 0001:000229b0       ?current@Fl_Window@@SAPAV1@XZ 004239b0 f   fltk:Fl_Window.obj
 0001:000229c0       ?default_callback@Fl_Window@@SAXPAV1@PAX@Z 004239c0 f   fltk:Fl_Window.obj
 0001:000229e0       ??_GFl_Window@@UAEPAXI@Z   004239e0 f i fltk:Fl_Window.obj
 0001:000229e0       ??_EFl_Window@@UAEPAXI@Z   004239e0 f i fltk:Fl_Window.obj
 0001:00022a20       ?as_gl_window@Fl_Widget@@UAEPAVFl_Gl_Window@@XZ 00423a20 f i fltk:Fl_Window.obj
 0001:00022a30       ?readqueue@Fl@@SAPAVFl_Widget@@XZ 00423a30 f   fltk:Fl_Widget.obj
 0001:00022a80       ??0Fl_Widget@@IAE@HHHHPBD@Z 00423a80 f   fltk:Fl_Widget.obj
 0001:00022b90       ?draw_focus@Fl_Widget@@IBEXW4Fl_Boxtype@@HHHH@Z 00423b90 f   fltk:Fl_Widget.obj
 0001:00022dc0       ??1Fl_Widget@@UAE@XZ       00423dc0 f   fltk:Fl_Widget.obj
 0001:00022ea0       ?handle@Fl_Widget@@UAEHH@Z 00423ea0 f   fltk:Fl_Widget.obj
 0001:00022eb0       ?resize@Fl_Widget@@UAEXHHHH@Z 00423eb0 f   fltk:Fl_Widget.obj
 0001:00022ef0       ?damage_resize@Fl_Widget@@QAEHHHHH@Z 00423ef0 f   fltk:Fl_Widget.obj
 0001:00022f80       ?label@Fl_Widget@@QAEXPBD@Z 00423f80 f   fltk:Fl_Widget.obj
 0001:00022ff0       ?copy_label@Fl_Widget@@QAEXPBD@Z 00423ff0 f   fltk:Fl_Widget.obj
 0001:00023060       ?visible_r@Fl_Widget@@QBEHXZ 00424060 f   fltk:Fl_Widget.obj
 0001:000230b0       ?show@Fl_Widget@@UAEXXZ    004240b0 f   fltk:Fl_Widget.obj
 0001:00023160       ?hide@Fl_Widget@@UAEXXZ    00424160 f   fltk:Fl_Widget.obj
 0001:00023200       ?active_r@Fl_Widget@@QBEHXZ 00424200 f   fltk:Fl_Widget.obj
 0001:00023250       ?activate@Fl_Widget@@QAEXXZ 00424250 f   fltk:Fl_Widget.obj
 0001:00023300       ?deactivate@Fl_Widget@@QAEXXZ 00424300 f   fltk:Fl_Widget.obj
 0001:00023370       ?take_focus@Fl_Widget@@QAEHXZ 00424370 f   fltk:Fl_Widget.obj
 0001:00023400       ?default_callback@Fl_Widget@@SAXPAV1@PAX@Z 00424400 f   fltk:Fl_Widget.obj
 0001:00023470       ?do_callback@Fl_Widget@@QAEXPAV1@PAX@Z 00424470 f   fltk:Fl_Widget.obj
 0001:00023530       ?contains@Fl_Widget@@QBEHPBV1@@Z 00424530 f   fltk:Fl_Widget.obj
 0001:00023620       ??_EFl_Widget@@UAEPAXI@Z   00424620 f i fltk:Fl_Widget.obj
 0001:00023620       ??_GFl_Widget@@UAEPAXI@Z   00424620 f i fltk:Fl_Widget.obj
 0001:00023650       ?as_group@Fl_Widget@@UAEPAVFl_Group@@XZ 00424650 f i fltk:Fl_Widget.obj
 0001:00023660       ?as_window@Fl_Widget@@UAEPAVFl_Window@@XZ 00424660 f i fltk:Fl_Widget.obj
 0001:00023670       ?navigation@Fl_Group@@AAEHH@Z 00424670 f   fltk:Fl_Group.obj
 0001:00023830       ?draw@Fl_Group@@MAEXXZ     00424830 f   fltk:Fl_Group.obj
 0001:00023870       ?draw_child@Fl_Group@@IBEXAAVFl_Widget@@@Z 00424870 f   fltk:Fl_Group.obj
 0001:00023920       ?draw_children@Fl_Group@@IAEXXZ 00424920 f   fltk:Fl_Group.obj
 0001:00023b00       ?draw_outside_label@Fl_Group@@IBEXABVFl_Widget@@@Z 00424b00 f   fltk:Fl_Group.obj
 0001:00023d90       ?update_child@Fl_Group@@IBEXAAVFl_Widget@@@Z 00424d90 f   fltk:Fl_Group.obj
 0001:00023e50       ?sizes@Fl_Group@@IAEPAHXZ  00424e50 f   fltk:Fl_Group.obj
 0001:00024190       ?handle@Fl_Group@@UAEHH@Z  00425190 f   fltk:Fl_Group.obj
 0001:00024b50       ?begin@Fl_Group@@QAEXXZ    00425b50 f   fltk:Fl_Group.obj
 0001:00024b70       ?end@Fl_Group@@QAEXXZ      00425b70 f   fltk:Fl_Group.obj
 0001:00024b90       ?current@Fl_Group@@SAPAV1@XZ 00425b90 f   fltk:Fl_Group.obj
 0001:00024ba0       ?current@Fl_Group@@SAXPAV1@@Z 00425ba0 f   fltk:Fl_Group.obj
 0001:00024bb0       ?find@Fl_Group@@QBEHPBVFl_Widget@@@Z 00425bb0 f   fltk:Fl_Group.obj
 0001:00024c10       ?array@Fl_Group@@QBEPBQAVFl_Widget@@XZ 00425c10 f   fltk:Fl_Group.obj
 0001:00024c40       ?resize@Fl_Group@@UAEXHHHH@Z 00425c40 f   fltk:Fl_Group.obj
 0001:00025050       ??0Fl_Group@@QAE@HHHHPBD@Z 00426050 f   fltk:Fl_Group.obj
 0001:00025100       ??1Fl_Group@@UAE@XZ        00426100 f   fltk:Fl_Group.obj
 0001:00025150       ?add@Fl_Group@@QAEXAAVFl_Widget@@@Z 00426150 f   fltk:Fl_Group.obj
 0001:00025170       ?insert@Fl_Group@@QAEXAAVFl_Widget@@H@Z 00426170 f   fltk:Fl_Group.obj
 0001:00025310       ?remove@Fl_Group@@QAEXH@Z  00426310 f   fltk:Fl_Group.obj
 0001:00025410       ?remove@Fl_Group@@QAEXAAVFl_Widget@@@Z 00426410 f   fltk:Fl_Group.obj
 0001:00025450       ?clear@Fl_Group@@QAEXXZ    00426450 f   fltk:Fl_Group.obj
 0001:000255e0       ?init_sizes@Fl_Group@@QAEXXZ 004265e0 f   fltk:Fl_Group.obj
 0001:00025610       ??0Fl_Input_Choice@@QAE@HHHHPBD@Z 00426610 f   fltk:Fl_Group.obj
 0001:000258c0       ??0Fl_Spinner@@QAE@HHHHPBD@Z 004268c0 f   fltk:Fl_Group.obj
 0001:00025cf0       ??$__vcrt_va_start_verify_argument_type@QBD@@YAXXZ 00426cf0 f i fltk:Fl_Group.obj
 0001:00025d00       ??1Fl_Input@@UAE@XZ        00426d00 f i fltk:Fl_Group.obj
 0001:00025d20       ??1Fl_Repeat_Button@@UAE@XZ 00426d20 f i fltk:Fl_Group.obj
 0001:00025d40       ??1Fl_Spinner@@UAE@XZ      00426d40 f i fltk:Fl_Group.obj
 0001:00025d80       ??_EFl_Group@@UAEPAXI@Z    00426d80 f i fltk:Fl_Group.obj
 0001:00025d80       ??_GFl_Group@@UAEPAXI@Z    00426d80 f i fltk:Fl_Group.obj
 0001:00025db0       ??_GFl_Input_Choice@@UAEPAXI@Z 00426db0 f i fltk:Fl_Group.obj
 0001:00025db0       ??_EFl_Input_Choice@@UAEPAXI@Z 00426db0 f i fltk:Fl_Group.obj
 0001:00025de0       ??_EFl_Spinner@@UAEPAXI@Z  00426de0 f i fltk:Fl_Group.obj
 0001:00025de0       ??_GFl_Spinner@@UAEPAXI@Z  00426de0 f i fltk:Fl_Group.obj
 0001:00025e20       ??_GInputMenuButton@Fl_Input_Choice@@UAEPAXI@Z 00426e20 f i fltk:Fl_Group.obj
 0001:00025e20       ??_EInputMenuButton@Fl_Input_Choice@@UAEPAXI@Z 00426e20 f i fltk:Fl_Group.obj
 0001:00025e50       ?draw@InputMenuButton@Fl_Input_Choice@@EAEXXZ 00426e50 f i fltk:Fl_Group.obj
 0001:00025f50       ?draw_focus@Fl_Widget@@IAEXXZ 00426f50 f i fltk:Fl_Group.obj
 0001:00025fb0       ?handle@Fl_Spinner@@UAEHH@Z 00426fb0 f i fltk:Fl_Group.obj
 0001:00026080       ?inp_cb@Fl_Input_Choice@@CAXPAVFl_Widget@@PAX@Z 00427080 f i fltk:Fl_Group.obj
 0001:000261a0       ?menu_cb@Fl_Input_Choice@@CAXPAVFl_Widget@@PAX@Z 004271a0 f i fltk:Fl_Group.obj
 0001:000263a0       ?menu_x@Fl_Input_Choice@@AAEHXZ 004273a0 f i fltk:Fl_Group.obj
 0001:000263f0       ?resize@Fl_Input_Choice@@UAEXHHHH@Z 004273f0 f i fltk:Fl_Group.obj
 0001:00026550       ?resize@Fl_Spinner@@UAEXHHHH@Z 00427550 f i fltk:Fl_Group.obj
 0001:00026640       ?sb_cb@Fl_Spinner@@CAXPAVFl_Widget@@PAV1@@Z 00427640 f i fltk:Fl_Group.obj
 0001:000267c0       ?update@Fl_Spinner@@AAEXXZ 004277c0 f i fltk:Fl_Group.obj
 0001:000269a0       ?setonly@Fl_Menu_Item@@QAEXXZ 004279a0 f   fltk:Fl_Menu_.obj
 0001:00026a50       ??0Fl_Menu_@@QAE@HHHHPBD@Z 00427a50 f   fltk:Fl_Menu_.obj
 0001:00026b00       ??1Fl_Menu_@@UAE@XZ        00427b00 f   fltk:Fl_Menu_.obj
 0001:00026b50       ?item_pathname@Fl_Menu_@@QBEHPADHPBUFl_Menu_Item@@@Z 00427b50 f   fltk:Fl_Menu_.obj
 0001:00026da0       ?picked@Fl_Menu_@@QAEPBUFl_Menu_Item@@PBU2@@Z 00427da0 f   fltk:Fl_Menu_.obj
 0001:00026ec0       ?find_item@Fl_Menu_@@QAEPBUFl_Menu_Item@@PBD@Z 00427ec0 f   fltk:Fl_Menu_.obj
 0001:00026f00       ?find_item@Fl_Menu_@@QAEPBUFl_Menu_Item@@P6AXPAVFl_Widget@@PAX@Z@Z 00427f00 f   fltk:Fl_Menu_.obj
 0001:00026f50       ?find_index@Fl_Menu_@@QBEHPBD@Z 00427f50 f   fltk:Fl_Menu_.obj
 0001:00027180       ?find_index@Fl_Menu_@@QBEHPBUFl_Menu_Item@@@Z 00428180 f   fltk:Fl_Menu_.obj
 0001:000271d0       ?find_index@Fl_Menu_@@QBEHP6AXPAVFl_Widget@@PAX@Z@Z 004281d0 f   fltk:Fl_Menu_.obj
 0001:00027220       ?menu@Fl_Menu_@@QAEXPBUFl_Menu_Item@@@Z 00428220 f   fltk:Fl_Menu_.obj
 0001:00027250       ?copy@Fl_Menu_@@QAEXPBUFl_Menu_Item@@PAX@Z 00428250 f   fltk:Fl_Menu_.obj
 0001:000272f0       ?size@Fl_Menu_@@QBEHXZ     004282f0 f   fltk:Fl_Menu_.obj
 0001:00027320       ?clear@Fl_Menu_@@QAEXXZ    00428320 f   fltk:Fl_Menu_.obj
 0001:000273e0       ?clear_submenu@Fl_Menu_@@QAEHH@Z 004283e0 f   fltk:Fl_Menu_.obj
 0001:00027460       ?value@Fl_Menu_@@QAEHPBUFl_Menu_Item@@@Z 00428460 f   fltk:Fl_Menu_.obj
 0001:000274a0       ??_GFl_Menu_@@UAEPAXI@Z    004284a0 f i fltk:Fl_Menu_.obj
 0001:000274a0       ??_EFl_Menu_@@UAEPAXI@Z    004284a0 f i fltk:Fl_Menu_.obj
 0001:000274d0       ?draw@Fl_Menu_Bar@@MAEXXZ  004284d0 f   fltk:Fl_Menu_Bar.obj
 0001:00027680       ?handle@Fl_Menu_Bar@@UAEHH@Z 00428680 f   fltk:Fl_Menu_Bar.obj
 0001:000277f0       ??0Fl_Menu_Bar@@QAE@HHHHPBD@Z 004287f0 f   fltk:Fl_Menu_Bar.obj
 0001:00027830       ??_GFl_Menu_Bar@@UAEPAXI@Z 00428830 f i fltk:Fl_Menu_Bar.obj
 0001:00027830       ??_EFl_Menu_Bar@@UAEPAXI@Z 00428830 f i fltk:Fl_Menu_Bar.obj
 0001:00027860       ??0Fl_Valuator@@IAE@HHHHPBD@Z 00428860 f   fltk:Fl_Valuator.obj
 0001:00027910       ?softclamp@Fl_Valuator@@IAENN@Z 00428910 f   fltk:Fl_Valuator.obj
 0001:00027a30       ?handle_drag@Fl_Valuator@@IAEXN@Z 00428a30 f   fltk:Fl_Valuator.obj
 0001:00027aa0       ?handle_release@Fl_Valuator@@IAEXXZ 00428aa0 f   fltk:Fl_Valuator.obj
 0001:00027b00       ?value_damage@Fl_Valuator@@MAEXXZ 00428b00 f   fltk:Fl_Valuator.obj
 0001:00027b20       ?step@Fl_Valuator@@QAEXN@Z 00428b20 f   fltk:Fl_Valuator.obj
 0001:00027c10       ?precision@Fl_Valuator@@QAEXH@Z 00428c10 f   fltk:Fl_Valuator.obj
 0001:00027c70       ?value@Fl_Valuator@@QAEHN@Z 00428c70 f   fltk:Fl_Valuator.obj
 0001:00027cd0       ?format@Fl_Valuator@@UAEHPAD@Z 00428cd0 f   fltk:Fl_Valuator.obj
 0001:00027e20       ?round@Fl_Valuator@@QAENN@Z 00428e20 f   fltk:Fl_Valuator.obj
 0001:00027ea0       ?clamp@Fl_Valuator@@QAENN@Z 00428ea0 f   fltk:Fl_Valuator.obj
 0001:00027f60       ?increment@Fl_Valuator@@QAENNH@Z 00428f60 f   fltk:Fl_Valuator.obj
 0001:00028030       ??_EFl_Valuator@@UAEPAXI@Z 00429030 f i fltk:Fl_Valuator.obj
 0001:00028030       ??_GFl_Valuator@@UAEPAXI@Z 00429030 f i fltk:Fl_Valuator.obj
 0001:00028070       ?draw@Fl_Value_Slider@@MAEXXZ 00429070 f   fltk:Fl_Value_Slider.obj
 0001:000283e0       ?handle@Fl_Value_Slider@@UAEHH@Z 004293e0 f   fltk:Fl_Value_Slider.obj
 0001:000284f0       ??0Fl_Value_Slider@@QAE@HHHHPBD@Z 004294f0 f   fltk:Fl_Value_Slider.obj
 0001:00028570       ??0Fl_Hor_Value_Slider@@QAE@HHHHPBD@Z 00429570 f   fltk:Fl_Value_Slider.obj
 0001:000285b0       ??_GFl_Hor_Value_Slider@@UAEPAXI@Z 004295b0 f i fltk:Fl_Value_Slider.obj
 0001:000285b0       ??_EFl_Hor_Value_Slider@@UAEPAXI@Z 004295b0 f i fltk:Fl_Value_Slider.obj
 0001:000285f0       ??_GFl_Value_Slider@@UAEPAXI@Z 004295f0 f i fltk:Fl_Value_Slider.obj
 0001:000285f0       ??_EFl_Value_Slider@@UAEPAXI@Z 004295f0 f i fltk:Fl_Value_Slider.obj
 0001:00028630       ?key_release_timeout@Fl_Button@@KAXPAX@Z 00429630 f   fltk:Fl_Button.obj
 0001:000286d0       ?simulate_key_action@Fl_Button@@IAEXXZ 004296d0 f   fltk:Fl_Button.obj
 0001:000287b0       ?draw@Fl_Button@@MAEXXZ    004297b0 f   fltk:Fl_Button.obj
 0001:00028900       ?handle@Fl_Button@@UAEHH@Z 00429900 f   fltk:Fl_Button.obj
 0001:00028eb0       ??0Fl_Button@@QAE@HHHHPBD@Z 00429eb0 f   fltk:Fl_Button.obj
 0001:00028f20       ?value@Fl_Button@@QAEHH@Z  00429f20 f   fltk:Fl_Button.obj
 0001:00028fb0       ?setonly@Fl_Button@@QAEXXZ 00429fb0 f   fltk:Fl_Button.obj
 0001:00029030       ??0Fl_Radio_Button@@QAE@HHHHPBD@Z 0042a030 f   fltk:Fl_Button.obj
 0001:00029070       ??0Fl_Toggle_Button@@QAE@HHHHPBD@Z 0042a070 f   fltk:Fl_Button.obj
 0001:000290b0       ??_EFl_Button@@UAEPAXI@Z   0042a0b0 f i fltk:Fl_Button.obj
 0001:000290b0       ??_GFl_Button@@UAEPAXI@Z   0042a0b0 f i fltk:Fl_Button.obj
 0001:000290e0       ??_EFl_Radio_Button@@UAEPAXI@Z 0042a0e0 f i fltk:Fl_Button.obj
 0001:000290e0       ??_GFl_Radio_Button@@UAEPAXI@Z 0042a0e0 f i fltk:Fl_Button.obj
 0001:00029110       ??_GFl_Toggle_Button@@UAEPAXI@Z 0042a110 f i fltk:Fl_Button.obj
 0001:00029110       ??_EFl_Toggle_Button@@UAEPAXI@Z 0042a110 f i fltk:Fl_Button.obj
 0001:00029140       ?draw@Fl_Light_Button@@MAEXXZ 0042a140 f   fltk:Fl_Light_Button.obj
 0001:00029c70       ?handle@Fl_Light_Button@@UAEHH@Z 0042ac70 f   fltk:Fl_Light_Button.obj
 0001:00029cb0       ??0Fl_Light_Button@@QAE@HHHHPBD@Z 0042acb0 f   fltk:Fl_Light_Button.obj
 0001:00029d00       ??0Fl_Radio_Light_Button@@QAE@HHHHPBD@Z 0042ad00 f   fltk:Fl_Light_Button.obj
 0001:00029d40       ??_GFl_Light_Button@@UAEPAXI@Z 0042ad40 f i fltk:Fl_Light_Button.obj
 0001:00029d40       ??_EFl_Light_Button@@UAEPAXI@Z 0042ad40 f i fltk:Fl_Light_Button.obj
 0001:00029d70       ??_GFl_Radio_Light_Button@@UAEPAXI@Z 0042ad70 f i fltk:Fl_Light_Button.obj
 0001:00029d70       ??_EFl_Radio_Light_Button@@UAEPAXI@Z 0042ad70 f i fltk:Fl_Light_Button.obj
 0001:00029da0       ?fl_dir_chooser@@YAPADPBD0H@Z 0042ada0 f   fltk:fl_file_dir.obj
 0001:00029f40       ?fl_file_chooser@@YAPADPBD00H@Z 0042af40 f   fltk:fl_file_dir.obj
 0001:0002a280       ?fl_file_chooser_callback@@YAXP6AXPBD@Z@Z 0042b280 f   fltk:fl_file_dir.obj
 0001:0002a290       ?fl_file_chooser_ok_label@@YAXPBD@Z 0042b290 f   fltk:fl_file_dir.obj
 0001:0002a300       _fl_utf8bytes              0042b300 f   fltk:fl_utf.obj
 0001:0002a360       _fl_utf8decode             0042b360 f   fltk:fl_utf.obj
 0001:0002a650       _fl_utf8encode             0042b650 f   fltk:fl_utf.obj
 0001:0002a7e0       _fl_utf8fwd                0042b7e0 f   fltk:fl_utf.obj
 0001:0002a890       _fl_utf8back               0042b890 f   fltk:fl_utf.obj
 0001:0002a930       _fl_ucs_to_Utf16           0042b930 f   fltk:fl_utf.obj
 0001:0002aa50       _fl_utf8toUtf16            0042ba50 f   fltk:fl_utf.obj
 0001:0002abf0       _fl_utf8towc               0042bbf0 f   fltk:fl_utf.obj
 0001:0002ac10       _fl_utf8fromwc             0042bc10 f   fltk:fl_utf.obj
 0001:0002af60       _fl_utf8toa                0042bf60 f   fltk:fl_utf.obj
 0001:0002b080       _fl_utf8froma              0042c080 f   fltk:fl_utf.obj
 0001:0002b1b0       _fl_utf8locale             0042c1b0 f   fltk:fl_utf.obj
 0001:0002b1f0       _fl_utf8test               0042c1f0 f   fltk:fl_utf.obj
 0001:0002b270       _fl_wcwidth_               0042c270 f   fltk:fl_utf.obj
 0001:0002b290       _fl_wcwidth                0042c290 f   fltk:fl_utf.obj
 0001:0002b2e0       _fl_utf8to_mb              0042c2e0 f   fltk:fl_utf.obj
 0001:0002b460       _fl_utf8from_mb            0042c460 f   fltk:fl_utf.obj
 0001:0002b790       ?call_screen_init@Fl@@SAXXZ 0042c790 f   fltk:screen_xywh.obj
 0001:0002b7a0       ?screen_count@Fl@@SAHXZ    0042c7a0 f   fltk:screen_xywh.obj
 0001:0002b7e0       ?screen_xywh@Fl@@SAXAAH000HH@Z 0042c7e0 f   fltk:screen_xywh.obj
 0001:0002b810       ?screen_xywh@Fl@@SAXAAH000H@Z 0042c810 f   fltk:screen_xywh.obj
 0001:0002b8d0       ?screen_xywh@Fl@@SAXAAH000HHHH@Z 0042c8d0 f   fltk:screen_xywh.obj
 0001:0002b910       ?screen_num@Fl@@SAHHH@Z    0042c910 f   fltk:screen_xywh.obj
 0001:0002b9a0       ?screen_num@Fl@@SAHHHHH@Z  0042c9a0 f   fltk:screen_xywh.obj
 0001:0002ba50       ?screen_dpi@Fl@@SAXAAM0H@Z 0042ca50 f   fltk:screen_xywh.obj
 0001:0002bac0       ?screen_work_area@Fl@@SAXAAH000HH@Z 0042cac0 f   fltk:screen_xywh.obj
 0001:0002baf0       ?screen_work_area@Fl@@SAXAAH000H@Z 0042caf0 f   fltk:screen_xywh.obj
 0001:0002be90       ?add_awake_handler_@Fl@@SAHP6AXPAX@Z0@Z 0042ce90 f   fltk:Fl_lock.obj
 0001:0002bf70       ?get_awake_handler_@Fl@@SAHAAP6AXPAX@ZAAPAX@Z 0042cf70 f   fltk:Fl_lock.obj
 0001:0002c000       ?lock@Fl@@SAHXZ            0042d000 f   fltk:Fl_lock.obj
 0001:0002c050       ?unlock@Fl@@SAXXZ          0042d050 f   fltk:Fl_lock.obj
 0001:0002c060       ?awake@Fl@@SAXPAX@Z        0042d060 f   fltk:Fl_lock.obj
 0001:0002c080       ?awake@Fl@@SAHP6AXPAX@Z0@Z 0042d080 f   fltk:Fl_lock.obj
 0001:0002c130       ?compose@Fl@@SAHAAH@Z      0042d130 f   fltk:Fl_compose.obj
[...]
 0003:000010fc       $SG5892                    0048b0fc     fltk:vsnprintf.obj
 0003:00001100       $SG5899                    0048b100     fltk:vsnprintf.obj
 0003:00001104       $SG5933                    0048b104     fltk:vsnprintf.obj
 0003:00001110       ?table@@3PAUKeyname@@A     0048b110     fltk:fl_shortcut.obj
 0003:00001208       ?standard_fp_chars@@3PBDB  0048b208     fltk:Fl_Input.obj
 0003:0000120c       ?drag_start@?1??handle@Fl_Input@@UAEHH@Z@4HA 0048b20c     fltk:Fl_Input.obj
 0003:00001210       ?l_local_buff@?1??expand_text_@@YAPBDPBDAAPADHNAAHAANHH@Z@4HA 0048b210     fltk:fl_draw.obj
 0003:00001218       ?draw_it_active@@3HA       0048b218     fltk:fl_boxtype.obj
 0003:00001220       ?fl_box_table@@3PAU<unnamed-type-fl_box_table>@@A 0048b220     fltk:fl_boxtype.obj
 0003:00001e5c       ?symbnumb@@3HA             0048be5c     fltk:fl_symbols.obj
 0003:00001e60       ?cursors@@3PAW4Fl_Cursor@@A 0048be60     fltk:Fl_Tile.obj
 0003:00001e70       $SG37744                   0048be70     fltk:scandir.obj
 0003:00001e74       $SG37747                   0048be74     fltk:scandir.obj
 0003:00001e78       $SG37752                   0048be78     fltk:scandir.obj
 0003:00001e7c       $SG37756                   0048be7c     fltk:scandir.obj
 0003:00002d70       ?done@@3_NA                0048cd70     TraceUI.obj
 0003:00002db8       ?clip_notify_list@@3PAUClipboard_Notify@@A 0048cdb8     fltk:Fl.obj
 0003:00002dc4       ?clipboard_wnd@@3PAUHWND__@@A 0048cdc4     fltk:Fl.obj
 0003:00002dc8       ?next_clipboard_wnd@@3PAUHWND__@@A 0048cdc8     fltk:Fl.obj
 0003:00002dcc       ?handlers@@3PAUhandler_link@@A 0048cdcc     fltk:Fl.obj
 0003:00002dd0       ?s_wsock_mod@@3PAUHINSTANCE__@@A 0048cdd0     fltk:Fl.obj
 0003:00002dd4       ?s_wsock_select@@3P6GHHPAUfd_set@@00PBUtimeval@@@ZA 0048cdd4     fltk:Fl.obj
 0003:00002dd8       ?fl_wsk_fd_is_set@@3P6GHIPAUfd_set@@@ZA 0048cdd8     fltk:Fl.obj
 0003:00002e04       ?s_imm_module@@3PAUHINSTANCE__@@A 0048ce04     fltk:Fl.obj
 0003:00002e08       ?flImmAssociateContextEx@@3P6GHPAUHWND__@@PAUHIMC__@@K@ZA 0048ce08     fltk:Fl.obj
 0003:00002e0d       ?dnd_flag@@3DA             0048ce0d     fltk:Fl.obj
 0003:00002e10       ?flImmGetContext@@3P6GPAUHIMC__@@PAUHWND__@@@ZA 0048ce10     fltk:Fl.obj
 0003:00002e18       ?flImmSetCompositionWindow@@3P6GHPAUHIMC__@@PAUtagCOMPOSITIONFORM@@@ZA 0048ce18     fltk:Fl.obj
 0003:00002e1c       ?flImmReleaseContext@@3P6GHPAUHWND__@@PAUHIMC__@@@ZA 0048ce1c     fltk:Fl.obj
 0003:00002e20       ?sys_handlers@@3PAUsystem_handler_link@@A 0048ce20     fltk:Fl.obj
 0003:00002e24       ?track_mouse_win@@3PAVFl_Window@@A 0048ce24     fltk:Fl.obj
 0003:00002e28       ?maxfd@@3HA                0048ce28     fltk:Fl.obj
 0003:00002e2c       ?nfds@@3HA                 0048ce2c     fltk:Fl.obj
 0003:00002e30       ?fd_array_size@@3HA        0048ce30     fltk:Fl.obj
 0003:00002e5c       ?fd@@3PAUFD@@A             0048ce5c     fltk:Fl.obj
 0003:00002ebc       ?default_big_icon@@3PAUHICON__@@A 0048cebc     fltk:Fl.obj
 0003:00002ec0       ?default_small_icon@@3PAUHICON__@@A 0048cec0     fltk:Fl.obj
 0003:00002ec4       ?win_DC_list@@3PAUWin_DC_List@@A 0048cec4     fltk:Fl.obj
 0003:00002ed0       ?num_dwidgets@@3HA         0048ced0     fltk:Fl.obj
 0003:00002ed4       ?alloc_dwidgets@@3HA       0048ced4     fltk:Fl.obj
 0003:00002ed8       ?dwidgets@@3PAPAVFl_Widget@@A 0048ced8     fltk:Fl.obj
 0003:00002edc       ?widget_watch@@3PAPAPAVFl_Widget@@A 0048cedc     fltk:Fl.obj
 0003:00002ee0       ?num_widget_watch@@3HA     0048cee0     fltk:Fl.obj
 0003:00002ee4       ?max_widget_watch@@3HA     0048cee4     fltk:Fl.obj
 0003:00002ef0       ?win32_at_exit@@3VFl_Win32_At_Exit@@A 0048cef0     fltk:Fl.obj
 0003:00002ef4       ?fl_gdi_display@@3VFl_Display_Device@@A 0048cef4     fltk:Fl.obj
 0003:00002f00       ?fl_gdi_driver@@3VFl_GDI_Graphics_Driver@@A 0048cf00     fltk:Fl.obj
 0003:000035e8       ?first_check@@3PAUCheck@@A 0048d5e8     fltk:Fl.obj
 0003:000035ec       ?next_check@@3PAUCheck@@A  0048d5ec     fltk:Fl.obj
 0003:000035f0       ?free_check@@3PAUCheck@@A  0048d5f0     fltk:Fl.obj
 0003:000035f4       ?thread_message_@@3PAXA    0048d5f4     fltk:Fl.obj
 0003:000035f8       ?fdsets@@3PAUfd_set@@A     0048d5f8     fltk:Fl.obj
 0003:00003904       ?win32_timers@@3PAUWin32Timer@@A 0048d904     fltk:Fl.obj
 0003:00003908       ?win32_timer_alloc@@3HA    0048d908     fltk:Fl.obj
 0003:0000390c       ?win32_timer_used@@3HA     0048d90c     fltk:Fl.obj
 0003:00003910       ?s_TimerWnd@@3PAUHWND__@@A 0048d910     fltk:Fl.obj
 0003:00003914       ?resize_bug_fix@@3PAVFl_Window@@A 0048d914     fltk:Fl.obj
 0003:00003918       ?in_idle@?1??fl_wait@@YAHN@Z@4DA 0048d918     fltk:Fl.obj
 0003:00003919       ?beenHereDoneThat@?1??fl_open_display@@YAXXZ@4DA 0048d919     fltk:Fl.obj
 0003:0000391c       ?px@?1??mouse_event@@YAHPAVFl_Window@@HHIJ@Z@4HA 0048d91c     fltk:Fl.obj
 0003:00003920       ?py@?1??mouse_event@@YAHPAVFl_Window@@HHIJ@Z@4HA 0048d920     fltk:Fl.obj
 0003:00003924       ?pmx@?1??mouse_event@@YAHPAVFl_Window@@HHIJ@Z@4HA 0048d924     fltk:Fl.obj
 0003:00003928       ?pmy@?1??mouse_event@@YAHPAVFl_Window@@HHIJ@Z@4HA 0048d928     fltk:Fl.obj
 0003:00003930       ?vklut@?1??ms2fltk@@YAHIH@Z@4PAGA 0048d930     fltk:Fl.obj
 0003:00003b30       ?extendedlut@?1??ms2fltk@@YAHIH@Z@4PAGA 0048db30     fltk:Fl.obj
 0003:00003d30       ?buffer@?DH@??WndProc@@YGJPAUHWND__@@IIJ@Z@4PADA 0048dd30     fltk:Fl.obj
 0003:00004130       ?delta@?GG@??WndProc@@YGJPAUHWND__@@IIJ@Z@4HA 0048e130     fltk:Fl.obj
 0003:00004134       ?delta@?GJ@??WndProc@@YGJPAUHWND__@@IIJ@Z@4HA 0048e134     fltk:Fl.obj
 0003:00004138       ?class_name_list@?1??make@Fl_X@@SAPAV2@PAVFl_Window@@@Z@4VNameList@@A 0048e138     fltk:Fl.obj
 0003:00004144       ?$TSS0@?1??make@Fl_X@@SAPAV2@PAVFl_Window@@@Z@4HA 0048e144     fltk:Fl.obj
 0003:00004148       ?first_class_name@?1??make@Fl_X@@SAPAV2@PAVFl_Window@@@Z@4PBDB 0048e148     fltk:Fl.obj
 0003:0000414c       ?avoidRecursion@@3DA       0048e14c     fltk:fl_ask.obj
 0003:00004154       ?message_form@@3PAVFl_Window@@A 0048e154     fltk:fl_ask.obj
 0003:00004158       ?message@@3PAVFl_Box@@A    0048e158     fltk:fl_ask.obj
 0003:0000415c       ?icon@@3PAVFl_Box@@A       0048e15c     fltk:fl_ask.obj
 0003:00004160       ?button@@3PAPAVFl_Button@@A 0048e160     fltk:fl_ask.obj
 0003:0000416c       ?input@@3PAVFl_Input@@A    0048e16c     fltk:fl_ask.obj
 0003:00004170       ?ret_val@@3HA              0048e170     fltk:fl_ask.obj
 0003:00004174       ?message_title_default@@3PBDB 0048e174     fltk:fl_ask.obj
 0003:00004180       ?obj_queue@@3PAPAVFl_Widget@@A 0048e180     fltk:Fl_Widget.obj
 0003:000041d0       ?obj_head@@3HA             0048e1d0     fltk:Fl_Widget.obj
 0003:000041d4       ?obj_tail@@3HA             0048e1d4     fltk:Fl_Widget.obj
 0003:000041e4       ?fc@@3PAVFl_File_Chooser@@A 0048e1e4     fltk:fl_file_dir.obj
 0003:000041e8       ?current_callback@@3P6AXPBD@ZA 0048e1e8     fltk:fl_file_dir.obj
 0003:000041ec       ?current_label@@3PBDB      0048e1ec     fltk:fl_file_dir.obj
 0003:000041f0       ?retname@?1??fl_file_chooser@@YAPADPBD00H@Z@4PADA 0048e1f0     fltk:fl_file_dir.obj
 0003:000049f0       ?retname@?1??fl_dir_chooser@@YAPADPBD0H@Z@4PADA 0048e9f0     fltk:fl_file_dir.obj
 0003:000051f0       ?fl_gmi@@3P6GHPAUHMONITOR__@@PAUtagMONITORINFO@@@ZA 0048f1f0     fltk:screen_xywh.obj
 0003:000051f8       ?screens@@3PAUtagRECT@@A   0048f1f8     fltk:screen_xywh.obj
 0003:000052f8       ?work_area@@3PAUtagRECT@@A 0048f2f8     fltk:screen_xywh.obj
 0003:000053f8       ?dpi@@3PAY01MA             0048f3f8     fltk:screen_xywh.obj
 0003:000054a8       ?main_thread@@3KA          0048f4a8     fltk:Fl_lock.obj
 0003:000054b0       ?measure@@3PAP6AXPBUFl_Label@@AAH1@ZA 0048f4b0     fltk:fl_labeltype.obj
 0003:000054fc       ?window@@3PAVFl_TooltipBox@@A 0048f4fc     fltk:Fl_Tooltip.obj
 0003:00005504       ?tip@@3PBDB                0048f504     fltk:Fl_Tooltip.obj
 0003:00005508       ?Y@@3HA                    0048f508     fltk:Fl_Tooltip.obj
 0003:0000550c       ?H@@3HA                    0048f50c     fltk:Fl_Tooltip.obj
 0003:00005510       ?recent_tooltip@@3DA       0048f510     fltk:Fl_Tooltip.obj
 0003:00005511       ?recursion@@3DA            0048f511     fltk:Fl_Tooltip.obj
 0003:00005512       ?beenhere@?1??set_enter_exit_once_@Fl_Tooltip@@CAXXZ@4DA 0048f512     fltk:Fl_Tooltip.obj
 0003:00006120       ?tmppen@@3PAXA             00490120     fltk:fl_color.obj
 0003:00006124       ?savepen@@3PAUHPEN__@@A    00490124     fltk:fl_color.obj
 0003:00006128       ?xmap@?1??color@Fl_GDI_Graphics_Driver@@UAEXEEE@Z@4UFl_XMap@@A 00490128     fltk:fl_color.obj
 0003:00006138       ?brushes@?1??fl_brush_action@@YAPAUHBRUSH__@@H@Z@4PAUFl_Brush@?1??1@YAPAU2@H@Z@A 00490138     fltk:fl_color.obj
 0003:000061f8       ?beenhere@?1??fl_select_palette@@YAPAUHPALETTE__@@XZ@4DA 004901f8     fltk:fl_color.obj
 0003:000061fc       ?fl_alpha_blend@@3P6GHPAUHDC__@@HHHH0HHHHUFL_BLENDFUNCTION@@@ZA 004901fc     fltk:Fl_Double_Window.obj
 0003:00006200       ?been_here@?1??fl_can_do_alpha_blending@@YADXZ@4DA 00490200     fltk:Fl_Double_Window.obj
 0003:00006201       ?can_do@?1??fl_can_do_alpha_blending@@YADXZ@4DA 00490201     fltk:Fl_Double_Window.obj
 0003:000062b4       ?hMod@?1??newUUID@Fl_Preferences@@SAPBDXZ@4PAUHINSTANCE__@@A 004902b4     fltk:Fl_Preferences.obj
 0003:000062c4       ?fl_angle_@@3HA            004902c4     fltk:fl_font.obj
 0003:000062c8       ?wstr@@3PAGA               004902c8     fltk:fl_font.obj
 0003:000062cc       ?wstr_len@@3HA             004902cc     fltk:fl_font.obj
 0003:000062d0       ?fl_GetGlyphIndices@@3P6GKPAUHDC__@@PB_WHPAGK@ZA 004902d0     fltk:fl_font.obj
 0003:000062d4       ?have_loaded_GetGlyphIndices@@3HA 004902d4     fltk:fl_font.obj
 0003:000062d8       ?ext_buff@?1??text_extents@Fl_GDI_Graphics_Driver@@UAEXPBDHAAH111@Z@4PAGA 004902d8     fltk:fl_font.obj
 0003:000062dc       ?w_buff@?1??text_extents@Fl_GDI_Graphics_Driver@@UAEXPBDHAAH111@Z@4PAGA 004902dc     fltk:fl_font.obj
 0003:000062e0       ?wc_len@?1??text_extents@Fl_GDI_Graphics_Driver@@UAEXPBDHAAH111@Z@4IA 004902e0     fltk:fl_font.obj
 0003:000062f0       ?hMod@?1??draw@Fl_GDI_Printer_Graphics_Driver@@UAEXPAVFl_Pixmap@@HHHHHH@Z@4PAUHINSTANCE__@@A 004902f0     fltk:Fl_Pixmap.obj
 0003:000062f4       ?fl_TransparentBlt@?1??draw@Fl_GDI_Printer_Graphics_Driver@@UAEXPAVFl_Pixmap@@HHHHHH@Z@4P6GHPAUHDC__@@HHHH1HHHHI@ZA 004902f4     fltk:Fl_Pixmap.obj
 0003:000062f8       ?fl_TransparentBlt@?1??draw@Fl_GDI_Printer_Graphics_Driver@@UAEXPAVFl_Bitmap@@HHHHHH@Z@4P6GHPAUHDC__@@HHHH1HHHHI@ZA 004902f8     fltk:Fl_Bitmap.obj
 0003:000062fc       ?hMod@?1??draw@Fl_GDI_Printer_Graphics_Driver@@UAEXPAVFl_Bitmap@@HHHHHH@Z@4PAUHINSTANCE__@@A 004902fc     fltk:Fl_Bitmap.obj
 0003:00006300       ?ri@?1??dither@@YAXPAEPBEHH@Z@4HA 00490300     fltk:fl_draw_image.obj
 0003:00006304       ?gi@?1??dither@@YAXPAEPBEHH@Z@4HA 00490304     fltk:fl_draw_image.obj
 0003:00006308       ?bi@?1??dither@@YAXPAEPBEHH@Z@4HA 00490308     fltk:fl_draw_image.obj
 0003:0000630c       ?dir@?1??dither@@YAXPAEPBEHH@Z@4HA 0049030c     fltk:fl_draw_image.obj
 0003:00006310       ?ri@?1??monodither@@YAXPAEPBEHH@Z@4HA 00490310     fltk:fl_draw_image.obj
 0003:00006314       ?dir@?1??monodither@@YAXPAEPBEHH@Z@4HA 00490314     fltk:fl_draw_image.obj
 0003:00006318       ?bmibuffer@?1??innards@@YAXPBEHHHHHHHP6AXPAXHHHPAE@Z1@Z@4PAIA 00490318     fltk:fl_draw_image.obj
 0003:00006748       ?buffer@?1??innards@@YAXPBEHHHHHHHP6AXPAXHHHPAE@Z1@Z@4PAIA 00490748     fltk:fl_draw_image.obj
 0003:0000674c       ?buffer_size@?1??innards@@YAXPBEHHHHHHHP6AXPAXHHHPAE@Z1@Z@4JA 0049074c     fltk:fl_draw_image.obj
 0003:00006750       ?line_buffer@?1??innards@@YAXPBEHHHHHHHP6AXPAXHHHPAE@Z1@Z@4PAIA 00490750     fltk:fl_draw_image.obj
 0003:00006754       ?line_buf_size@?CH@??innards@@YAXPBEHHHHHHHP6AXPAXHHHPAE@Z1@Z@4HA 00490754     fltk:fl_draw_image.obj
 0003:00006760       ?fl_bg_set@@3DA            00490760     fltk:Fl_get_system_colors.obj
 0003:00006761       ?fl_bg2_set@@3DA           00490761     fltk:Fl_get_system_colors.obj
 0003:00006762       ?fl_fg_set@@3DA            00490762     fltk:Fl_get_system_colors.obj
 0003:00006770       ?tile@@3VFl_Pixmap@@A      00490770     fltk:Fl_get_system_colors.obj
 0003:00006798       ?e@?1??scheme@Fl@@SAHPBD@Z@4PADA 00490798     fltk:Fl_get_system_colors.obj
 0003:00006bd0       ?mbwbuf@@3PA_WA            00490bd0     fltk:fl_utf8.obj
 0003:00006bd8       ?buf@@3PADA                00490bd8     fltk:fl_utf8.obj
 0003:00006bdc       ?buf_len@@3HA              00490bdc     fltk:fl_utf8.obj
 0003:00006be0       ?wbufa@@3PAGA              00490be0     fltk:fl_utf8.obj
 0003:00006be4       ?wbuf@@3PA_WA              00490be4     fltk:fl_utf8.obj
 0003:00006be8       ?wbuf1@@3PA_WA             00490be8     fltk:fl_utf8.obj
 0003:00006bec       ?table@?1??Toupper@@YAHH@Z@4PAGA 00490bec     fltk:fl_utf8.obj
 0003:00006bf0       ?buf@?1??fl_utf2mbcs@@9@4PADA 00490bf0     fltk:fl_utf8.obj
 0003:00006bf4       ?buf@?1??fl_getenv@@9@4PADA 00490bf4     fltk:fl_utf8.obj
 0003:00006bf8       ?wbuf@?1??fl_getcwd@@9@4PA_WA 00490bf8     fltk:fl_utf8.obj
 0003:00006bfc       ?buf@?1??fl_shortcut_label@@YAPBDIPAPBD@Z@4PADA 00490bfc     fltk:fl_shortcut.obj
 0003:00006c34       ?l_secret@@3HA             00490c34     fltk:Fl_Input_.obj
 0003:00006c38       ?undobuffer@@3PADA         00490c38     fltk:Fl_Input_.obj
 0003:00006c3c       ?undobufferlength@@3HA     00490c3c     fltk:Fl_Input_.obj
 0003:00006c40       ?undowidget@@3PAVFl_Input_@@A 00490c40     fltk:Fl_Input_.obj
 0003:00006c44       ?undoat@@3HA               00490c44     fltk:Fl_Input_.obj
 0003:00006c48       ?undocut@@3HA              00490c48     fltk:Fl_Input_.obj
 0003:00006c4c       ?undoinsert@@3HA           00490c4c     fltk:Fl_Input_.obj
 0003:00006c50       ?yankcut@@3HA              00490c50     fltk:Fl_Input_.obj
 0003:00006c54       ?legal_fp_chars@@3PBDB     00490c54     fltk:Fl_Input.obj
 0003:00006c58       ?dnd_save_position@?1??handle@Fl_Input@@UAEHH@Z@4HA 00490c58     fltk:Fl_Input.obj
 0003:00006c5c       ?dnd_save_mark@?1??handle@Fl_Input@@UAEHH@Z@4HA 00490c5c     fltk:Fl_Input.obj
 0003:00006c60       ?newpos@?1??handle@Fl_Input@@UAEHH@Z@4HA 00490c60     fltk:Fl_Input.obj
 0003:00006c64       ?dnd_save_focus@?1??handle@Fl_Input@@UAEHH@Z@4PAVFl_Widget@@A 00490c64     fltk:Fl_Input.obj
 0003:00006c6c       ?underline_at@@3PADA       00490c6c     fltk:fl_draw.obj
 0003:00006c70       ?local_buf@?1??expand_text_@@YAPBDPBDAAPADHNAAHAANHH@Z@4PADA 00490c70     fltk:fl_draw.obj
 0003:00006c74       ?$TSS0@?1??expand_text_@@YAPBDPBDAAPADHNAAHAANHH@Z@4HA 00490c74     fltk:fl_draw.obj
 0003:00006c7c       ?pressed_menu_button_@@3PAVFl_Menu_Button@@A 00490c7c     fltk:Fl_Menu_Button.obj
 0003:00006c80       ?p@@3PAUmenustate@@A       00490c80     fltk:Fl_Menu.obj
 0003:00006c84       ?button@@3PBVFl_Menu_@@B   00490c84     fltk:Fl_Menu.obj
 0003:00006c88       ?dummy@?1??popup@Fl_Menu_Item@@QBEPBU2@HHPBDPBU2@PBVFl_Menu_@@@Z@4U2@A 00490c88     fltk:Fl_Menu.obj
 0003:00006cac       ?local_array@@3PAUFl_Menu_Item@@A 00490cac     fltk:Fl_Menu_add.obj
 0003:00006cb0       ?local_array_alloc@@3HA    00490cb0     fltk:Fl_Menu_add.obj
 0003:00006cb4       ?local_array_size@@3HA     00490cb4     fltk:Fl_Menu_add.obj
 0003:00006cb8       ?offcenter@?9??handle@Fl_Slider@@IAEHHHHHH@Z@4HA 00490cb8     fltk:Fl_Slider.obj
 0003:00006cbc       ?image_new@@3VFl_Bitmap@@A 00490cbc     fltk:Fl_File_Chooser.obj
 0003:00006cf0       ?pathname@?1??value@Fl_File_Chooser@@QAEPBDH@Z@4PADA 00490cf0     fltk:Fl_File_Chooser2.obj
 0003:000074f8       ?ncolors@@3HA              004914f8     fltk:fl_draw_pixmap.obj
 0003:000074fc       ?chars_per_pixel@@3HA      004914fc     fltk:fl_draw_pixmap.obj
 0003:00007500       ?color_count@@3HA          00491500     fltk:fl_draw_pixmap.obj
 0003:00007504       ?used_colors@@3PAUUsedColor@@A 00491504     fltk:fl_draw_pixmap.obj
 0003:00007508       ?table@?1??XUtf8Toupper@@9@9 00491508     fltk:case.obj
 0003:00007510       ?symbols@@3PAUSYMBOL@@A    00491510     fltk:fl_symbols.obj
 0003:00007ef4       ?beenhere@?1??fl_init_symbols@@YAXXZ@4DA 00491ef4     fltk:fl_symbols.obj
 0003:00007ef8       ?cursor@?1??set_cursor@@YAXPAVFl_Tile@@W4Fl_Cursor@@@Z@4W43@A 00491ef8     fltk:Fl_Tile.obj
 0003:00007efc       ?sdrag@?1??handle@Fl_Tile@@UAEHH@Z@4HA 00491efc     fltk:Fl_Tile.obj
 0003:00007f00       ?sdx@?1??handle@Fl_Tile@@UAEHH@Z@4HA 00491f00     fltk:Fl_Tile.obj
 0003:00007f04       ?sdy@?1??handle@Fl_Tile@@UAEHH@Z@4HA 00491f04     fltk:Fl_Tile.obj
 0003:00007f08       ?sx@?1??handle@Fl_Tile@@UAEHH@Z@4HA 00491f08     fltk:Fl_Tile.obj
 0003:00007f0c       ?sy@?1??handle@Fl_Tile@@UAEHH@Z@4HA 00491f0c     fltk:Fl_Tile.obj
 0003:00007f10       ?change@?1??handle@Fl_Browser_@@UAEHH@Z@4DA 00491f10     fltk:Fl_Browser_.obj
 0003:00007f11       ?whichway@?1??handle@Fl_Browser_@@UAEHH@Z@4DA 00491f11     fltk:Fl_Browser_.obj
 0003:00007f14       ?py@?1??handle@Fl_Browser_@@UAEHH@Z@4HA 00491f14     fltk:Fl_Browser_.obj
 0003:00007f18       ?inButtonBar@?1??handle@Fl_File_Input@@UAEHH@Z@4DA 00491f18     fltk:Fl_File_Input.obj
 0003:00007f38       ?SWAP_TYPE@@3DA            00491f38     fltkgl:Fl_Gl_Window.obj
 0003:00007f40       ?ortho_context@?DG@??flush@Fl_Gl_Window@@UAEXXZ@4PAUHGLRC__@@A 00491f40     fltkgl:Fl_Gl_Window.obj
 0003:00007f44       ?ortho_window@?DG@??flush@Fl_Gl_Window@@UAEXXZ@4PAV2@A 00491f44     fltkgl:Fl_Gl_Window.obj
 0003:00007f48       ?context_list@@3PAPAUHGLRC__@@A 00491f48     fltkgl:Fl_Gl_Choice.obj
 0003:00007f4c       ?nContext@@3HA             00491f4c     fltkgl:Fl_Gl_Choice.obj
 0003:00007f50       ?NContext@@3HA             00491f50     fltkgl:Fl_Gl_Choice.obj
 0003:00007f54       ?first@@3PAVFl_Gl_Choice@@A 00491f54     fltkgl:Fl_Gl_Choice.obj
 0003:00007f58       ?cached_context@@3PAUHGLRC__@@A 00491f58     fltkgl:Fl_Gl_Choice.obj
 0003:00007f5c       ?cached_window@@3PAVFl_Window@@A 00491f5c     fltkgl:Fl_Gl_Choice.obj
 0003:00007f64       ?Gl_Device_Plugin@@3VFl_Gl_Device_Plugin@@A 00491f64     fltkgl:Fl_Gl_Device_Plugin.obj
 0003:00007f6c       ?gl_fontsize@@3PAVFl_Font_Descriptor@@A 00491f6c     fltkgl:gl_draw.obj
 0003:00007f70       ?buf@?1??gl_draw@@YAXPBDH@Z@4PA_WA 00491f70     fltkgl:gl_draw.obj
 0003:00007f74       ?l@?1??gl_draw@@YAXPBDH@Z@4HA 00491f74     fltkgl:gl_draw.obj
 0003:00007f78       _GS_ExceptionRecord        00491f78     MSVCRT:gs_report.obj
 0003:00007fc8       _GS_ContextRecord          00491fc8     MSVCRT:gs_report.obj
 0003:0000829c       ?is_initialized_as_dll@@3_NA 0049229c     MSVCRT:utility.obj
 0003:0000829d       ?module_local_atexit_table_initialized@@3_NA 0049229d     MSVCRT:utility.obj
 0003:000082a0       ?module_local_atexit_table@@3U_onexit_table_t@@A 004922a0     MSVCRT:utility.obj
 0003:000082ac       ?module_local_at_quick_exit_table@@3U_onexit_table_t@@A 004922ac     MSVCRT:utility.obj
 0003:000082b8       ?g_tss_cv@@3U_RTL_CONDITION_VARIABLE@@A 004922b8     MSVCRT:thread_safe_statics.obj
 0003:000082bc       ?g_tss_event@@3PAXA        004922bc     MSVCRT:thread_safe_statics.obj
 0003:000082c0       ?g_tss_mutex@@3U_RTL_CRITICAL_SECTION@@A 004922c0     MSVCRT:thread_safe_statics.obj
 0003:000082d8       ?g_sleep_condition_variable_cs@@3P6GHPAU_RTL_CONDITION_VARIABLE@@PAU_RTL_CRITICAL_SECTION@@K@ZA 004922d8     MSVCRT:thread_safe_statics.obj
 0003:000082dc       ?g_wake_all_condition_variable@@3P6GXPAU_RTL_CONDITION_VARIABLE@@@ZA 004922dc     MSVCRT:thread_safe_statics.obj
 0003:00008300       ?_Fac_head@std@@3PAU_Fac_node@1@A 00492300     msvcprt:locale0_implib.obj
 0003:00008304       ?_Fac_tidy_reg@std@@3U_Fac_tidy_reg_t@1@B 00492304     msvcprt:locale0_implib.obj
 0003:00008308       ?mbwbuf@?1??mbcs2utf@@9@9  00492308     fltk:fl_call_main.obj
 0004:00000060       $R000000                   00493060     * linker generated manifest res *
